2025-05-19 12:00:09,149 - INFO - Bounds for Bayesian optimization: tensor([[2.0000e+01, 1.0033e-03, 0.0000e+00],
        [4.0000e+01, 5.9304e-02, 5.9000e+01]])
2025-05-19 12:00:11,389 - INFO - Number of initial training data samples: 60
2025-05-19 12:00:11,393 - INFO - Initial training data; train_X: tensor([[2.0000e+01, 1.0033e-03, 0.0000e+00],
        [2.0000e+01, 1.0033e-03, 4.0000e+00],
        [2.0000e+01, 1.0033e-03, 8.0000e+00],
        [2.0000e+01, 1.0033e-03, 1.2000e+01],
        [2.0000e+01, 1.0033e-03, 1.6000e+01],
        [2.0000e+01, 1.0033e-03, 2.0000e+01],
        [2.0000e+01, 1.0033e-03, 2.4000e+01],
        [2.0000e+01, 1.0033e-03, 2.8000e+01],
        [2.0000e+01, 1.0033e-03, 3.2000e+01],
        [2.0000e+01, 1.0033e-03, 3.6000e+01],
        [2.0000e+01, 1.0033e-03, 4.0000e+01],
        [2.0000e+01, 1.0033e-03, 4.4000e+01],
        [2.0000e+01, 1.0033e-03, 4.8000e+01],
        [2.0000e+01, 1.0033e-03, 5.2000e+01],
        [2.0000e+01, 1.0033e-03, 5.6000e+01],
        [2.0000e+01, 5.9300e-02, 1.0000e+00],
        [2.0000e+01, 5.9300e-02, 5.0000e+00],
        [2.0000e+01, 5.9300e-02, 9.0000e+00],
        [2.0000e+01, 5.9300e-02, 1.3000e+01],
        [2.0000e+01, 5.9300e-02, 1.7000e+01],
        [2.0000e+01, 5.9300e-02, 2.1000e+01],
        [2.0000e+01, 5.9300e-02, 2.5000e+01],
        [2.0000e+01, 5.9300e-02, 2.9000e+01],
        [2.0000e+01, 5.9300e-02, 3.3000e+01],
        [2.0000e+01, 5.9300e-02, 3.7000e+01],
        [2.0000e+01, 5.9300e-02, 4.1000e+01],
        [2.0000e+01, 5.9300e-02, 4.5000e+01],
        [2.0000e+01, 5.9300e-02, 4.9000e+01],
        [2.0000e+01, 5.9300e-02, 5.3000e+01],
        [2.0000e+01, 5.9300e-02, 5.7000e+01],
        [4.0000e+01, 1.0033e-03, 1.0000e+00],
        [4.0000e+01, 1.0033e-03, 5.0000e+00],
        [4.0000e+01, 1.0033e-03, 9.0000e+00],
        [4.0000e+01, 1.0033e-03, 1.3000e+01],
        [4.0000e+01, 1.0033e-03, 1.7000e+01],
        [4.0000e+01, 1.0033e-03, 2.1000e+01],
        [4.0000e+01, 1.0033e-03, 2.5000e+01],
        [4.0000e+01, 1.0033e-03, 2.9000e+01],
        [4.0000e+01, 1.0033e-03, 3.3000e+01],
        [4.0000e+01, 1.0033e-03, 3.7000e+01],
        [4.0000e+01, 1.0033e-03, 4.1000e+01],
        [4.0000e+01, 1.0033e-03, 4.5000e+01],
        [4.0000e+01, 1.0033e-03, 4.9000e+01],
        [4.0000e+01, 1.0033e-03, 5.3000e+01],
        [4.0000e+01, 1.0033e-03, 5.7000e+01],
        [4.0000e+01, 5.9300e-02, 2.0000e+00],
        [4.0000e+01, 5.9300e-02, 6.0000e+00],
        [4.0000e+01, 5.9300e-02, 1.0000e+01],
        [4.0000e+01, 5.9300e-02, 1.4000e+01],
        [4.0000e+01, 5.9300e-02, 1.8000e+01],
        [4.0000e+01, 5.9300e-02, 2.2000e+01],
        [4.0000e+01, 5.9300e-02, 2.6000e+01],
        [4.0000e+01, 5.9300e-02, 3.0000e+01],
        [4.0000e+01, 5.9300e-02, 3.4000e+01],
        [4.0000e+01, 5.9300e-02, 3.8000e+01],
        [4.0000e+01, 5.9300e-02, 4.2000e+01],
        [4.0000e+01, 5.9300e-02, 4.6000e+01],
        [4.0000e+01, 5.9300e-02, 5.0000e+01],
        [4.0000e+01, 5.9300e-02, 5.4000e+01],
        [4.0000e+01, 5.9300e-02, 5.8000e+01]], dtype=torch.float64)
2025-05-19 12:00:11,398 - INFO - Initial training data; train_Y: tensor([[4.2096e-04],
        [2.0189e-03],
        [1.5480e+00],
        [3.1501e-04],
        [1.2024e+00],
        [1.2346e+00],
        [1.1760e+00],
        [9.8859e-01],
        [9.3807e-01],
        [6.3900e-01],
        [7.8326e-01],
        [4.6793e-01],
        [5.9494e-01],
        [1.0026e+00],
        [6.0347e-01],
        [1.9687e-02],
        [8.1893e-04],
        [1.6465e+00],
        [9.7868e-03],
        [1.4748e+00],
        [1.8369e+00],
        [1.2025e+00],
        [9.1587e-01],
        [9.6503e-01],
        [2.7713e-04],
        [7.3472e-01],
        [2.8605e-04],
        [5.5048e-01],
        [9.6385e-01],
        [4.9890e-01],
        [4.8232e-02],
        [2.8823e-03],
        [2.2970e+00],
        [2.5054e-02],
        [1.9037e+00],
        [2.2344e+00],
        [1.5683e+00],
        [1.1766e+00],
        [1.2922e+00],
        [1.0756e-03],
        [9.4342e-01],
        [1.1065e-03],
        [7.3158e-01],
        [1.2836e+00],
        [6.7247e-01],
        [9.2474e-03],
        [1.0000e+00],
        [8.9587e-04],
        [3.7348e-01],
        [1.8995e+00],
        [8.8974e-04],
        [1.5894e+00],
        [8.9773e-04],
        [1.1893e+00],
        [7.8633e-01],
        [6.4898e-01],
        [7.0171e-01],
        [6.0126e-01],
        [9.0775e-04],
        [9.2461e-04]], dtype=torch.float64)
2025-05-19 12:00:11,400 - INFO - Starting Bayesian optimization with 50 iterations...
2025-05-19 12:01:02,876 - INFO - Iteration 0: New candidate - T: 40.0, x1: 0.00100328, solvent: butanone
2025-05-19 12:01:03,076 - INFO - Input file './COSMOtherm/inputfiles\LIQEX_butanone_tc40.0_x0.00100328.inp' has been created successfully. Returning the file path and name.
2025-05-19 12:01:03,161 - INFO - Running COSMOtherm calculation for file: ./COSMOtherm/inputfiles\LIQEX_butanone_tc40.0_x0.00100328.inp
2025-05-19 12:07:11,251 - INFO - Calculation completed with return code: 0
2025-05-19 12:07:11,291 - INFO - New training data train_X: tensor([[4.0000e+01, 1.0033e-03, 8.0000e+00]], dtype=torch.float64)
2025-05-19 12:07:11,292 - INFO - New training data train_Y: tensor([[2.1023]], dtype=torch.float64)
2025-05-19 12:07:12,996 - INFO - Iteration 1: New candidate - T: 40.0, x1: 0.00100328, solvent: 3-hexanone
2025-05-19 12:07:13,071 - INFO - Input file './COSMOtherm/inputfiles\LIQEX_3-hexanone_tc40.0_x0.00100328.inp' has been created successfully. Returning the file path and name.
2025-05-19 12:07:13,335 - INFO - Running COSMOtherm calculation for file: ./COSMOtherm/inputfiles\LIQEX_3-hexanone_tc40.0_x0.00100328.inp
2025-05-19 12:08:55,504 - INFO - Calculation completed with return code: 0
2025-05-19 12:08:55,541 - INFO - New training data train_X: tensor([[4.0000e+01, 1.0033e-03, 2.0000e+01]], dtype=torch.float64)
2025-05-19 12:08:55,542 - INFO - New training data train_Y: tensor([[1.6453]], dtype=torch.float64)
2025-05-19 12:09:07,841 - INFO - Iteration 2: New candidate - T: 33.911716, x1: 0.00468342, solvent: ethylacetate
2025-05-19 12:09:07,846 - INFO - Input file './COSMOtherm/inputfiles\LIQEX_ethylacetate_tc33.911716_x0.00468342.inp' has been created successfully. Returning the file path and name.
2025-05-19 12:09:07,867 - INFO - Running COSMOtherm calculation for file: ./COSMOtherm/inputfiles\LIQEX_ethylacetate_tc33.911716_x0.00468342.inp
2025-05-19 12:11:24,009 - INFO - Calculation completed with return code: 0
2025-05-19 12:11:24,348 - INFO - New training data train_X: tensor([[3.3910e+01, 4.6834e-03, 9.0000e+00]], dtype=torch.float64)
2025-05-19 12:11:24,376 - INFO - New training data train_Y: tensor([[2.1227]], dtype=torch.float64)
2025-05-19 12:11:26,409 - INFO - Iteration 3: New candidate - T: 40.0, x1: 0.00100328, solvent: 3-hexanone
2025-05-19 12:11:26,419 - WARNING - File already exists: ./COSMOtherm/inputfiles\LIQEX_3-hexanone_tc40.0_x0.00100328.inp
2025-05-19 12:11:26,432 - INFO - Skipping inputfile generation for: 'LIQEX_3-hexanone_tc40.0_x0.00100328.inp'
2025-05-19 12:11:26,450 - INFO - The file was not overwritten. Returning the existing file path and name.
2025-05-19 12:11:26,653 - INFO - Running COSMOtherm calculation for file: ./COSMOtherm/inputfiles\LIQEX_3-hexanone_tc40.0_x0.00100328.inp
2025-05-19 12:13:09,546 - INFO - Calculation completed with return code: 0
2025-05-19 12:13:09,556 - INFO - New training data train_X: tensor([[4.0000e+01, 1.0033e-03, 2.0000e+01]], dtype=torch.float64)
2025-05-19 12:13:09,557 - INFO - New training data train_Y: tensor([[1.6453]], dtype=torch.float64)
2025-05-19 12:13:22,563 - INFO - Iteration 4: New candidate - T: 20.0, x1: 0.05930417, solvent: 3-hexanone
2025-05-19 12:13:22,993 - INFO - Input file './COSMOtherm/inputfiles\LIQEX_3-hexanone_tc20.0_x0.05930417.inp' has been created successfully. Returning the file path and name.
2025-05-19 12:13:23,272 - INFO - Running COSMOtherm calculation for file: ./COSMOtherm/inputfiles\LIQEX_3-hexanone_tc20.0_x0.05930417.inp
2025-05-19 12:15:33,881 - INFO - Calculation completed with return code: 0
2025-05-19 12:15:34,041 - INFO - New training data train_X: tensor([[20.0000,  0.0593, 20.0000]], dtype=torch.float64)
2025-05-19 12:15:34,042 - INFO - New training data train_Y: tensor([[1.3404]], dtype=torch.float64)
2025-05-19 12:15:43,825 - INFO - Iteration 5: New candidate - T: 28.992704, x1: 0.00100328, solvent: n-heptane
2025-05-19 12:15:43,954 - INFO - Input file './COSMOtherm/inputfiles\LIQEX_n-heptane_tc28.992704_x0.00100328.inp' has been created successfully. Returning the file path and name.
2025-05-19 12:15:44,007 - INFO - Running COSMOtherm calculation for file: ./COSMOtherm/inputfiles\LIQEX_n-heptane_tc28.992704_x0.00100328.inp
2025-05-19 12:16:18,473 - INFO - Calculation completed with return code: 0
2025-05-19 12:16:18,495 - INFO - New training data train_X: tensor([[2.8990e+01, 1.0033e-03, 2.2000e+01]], dtype=torch.float64)
2025-05-19 12:16:18,496 - INFO - New training data train_Y: tensor([[0.0006]], dtype=torch.float64)
2025-05-19 12:16:34,502 - INFO - Iteration 6: New candidate - T: 37.541241, x1: 0.00100328, solvent: ethylacetate
2025-05-19 12:16:34,743 - INFO - Input file './COSMOtherm/inputfiles\LIQEX_ethylacetate_tc37.541241_x0.00100328.inp' has been created successfully. Returning the file path and name.
2025-05-19 12:16:34,779 - INFO - Running COSMOtherm calculation for file: ./COSMOtherm/inputfiles\LIQEX_ethylacetate_tc37.541241_x0.00100328.inp
2025-05-19 12:18:48,219 - INFO - Calculation completed with return code: 0
2025-05-19 12:18:48,244 - INFO - New training data train_X: tensor([[3.7540e+01, 1.0033e-03, 9.0000e+00]], dtype=torch.float64)
2025-05-19 12:18:48,245 - INFO - New training data train_Y: tensor([[2.2317]], dtype=torch.float64)
2025-05-19 12:19:02,175 - INFO - Iteration 7: New candidate - T: 37.439995, x1: 0.03734286, solvent: 3-hexanol
2025-05-19 12:19:02,230 - INFO - Input file './COSMOtherm/inputfiles\LIQEX_3-hexanol_tc37.439995_x0.03734286.inp' has been created successfully. Returning the file path and name.
2025-05-19 12:19:02,266 - INFO - Running COSMOtherm calculation for file: ./COSMOtherm/inputfiles\LIQEX_3-hexanol_tc37.439995_x0.03734286.inp
2025-05-19 12:22:46,672 - INFO - Calculation completed with return code: 0
2025-05-19 12:22:46,697 - INFO - New training data train_X: tensor([[3.7440e+01, 3.7300e-02, 1.7000e+01]], dtype=torch.float64)
2025-05-19 12:22:46,699 - INFO - New training data train_Y: tensor([[1.8044]], dtype=torch.float64)
2025-05-19 12:22:58,407 - INFO - Iteration 8: New candidate - T: 26.930746, x1: 0.02571792, solvent: butanone
2025-05-19 12:22:58,411 - INFO - Input file './COSMOtherm/inputfiles\LIQEX_butanone_tc26.930746_x0.02571792.inp' has been created successfully. Returning the file path and name.
2025-05-19 12:22:58,431 - INFO - Running COSMOtherm calculation for file: ./COSMOtherm/inputfiles\LIQEX_butanone_tc26.930746_x0.02571792.inp
2025-05-19 12:32:47,443 - INFO - Calculation completed with return code: 0
2025-05-26 18:32:36,750 - INFO - Bounds for Bayesian optimization: tensor([[2.0000e+01, 1.0033e-03, 0.0000e+00],
        [4.0000e+01, 5.9304e-02, 5.9000e+01]])
2025-05-26 18:32:37,168 - INFO - Number of initial training data samples: 60
2025-05-26 18:32:37,168 - INFO - Initial training data; train_X: tensor([[2.0000e+01, 1.0033e-03, 0.0000e+00],
        [2.0000e+01, 1.0033e-03, 4.0000e+00],
        [2.0000e+01, 1.0033e-03, 8.0000e+00],
        [2.0000e+01, 1.0033e-03, 1.2000e+01],
        [2.0000e+01, 1.0033e-03, 1.6000e+01],
        [2.0000e+01, 1.0033e-03, 2.0000e+01],
        [2.0000e+01, 1.0033e-03, 2.4000e+01],
        [2.0000e+01, 1.0033e-03, 2.8000e+01],
        [2.0000e+01, 1.0033e-03, 3.2000e+01],
        [2.0000e+01, 1.0033e-03, 3.6000e+01],
        [2.0000e+01, 1.0033e-03, 4.0000e+01],
        [2.0000e+01, 1.0033e-03, 4.4000e+01],
        [2.0000e+01, 1.0033e-03, 4.8000e+01],
        [2.0000e+01, 1.0033e-03, 5.2000e+01],
        [2.0000e+01, 1.0033e-03, 5.6000e+01],
        [2.0000e+01, 5.9300e-02, 1.0000e+00],
        [2.0000e+01, 5.9300e-02, 5.0000e+00],
        [2.0000e+01, 5.9300e-02, 9.0000e+00],
        [2.0000e+01, 5.9300e-02, 1.3000e+01],
        [2.0000e+01, 5.9300e-02, 1.7000e+01],
        [2.0000e+01, 5.9300e-02, 2.1000e+01],
        [2.0000e+01, 5.9300e-02, 2.5000e+01],
        [2.0000e+01, 5.9300e-02, 2.9000e+01],
        [2.0000e+01, 5.9300e-02, 3.3000e+01],
        [2.0000e+01, 5.9300e-02, 3.7000e+01],
        [2.0000e+01, 5.9300e-02, 4.1000e+01],
        [2.0000e+01, 5.9300e-02, 4.5000e+01],
        [2.0000e+01, 5.9300e-02, 4.9000e+01],
        [2.0000e+01, 5.9300e-02, 5.3000e+01],
        [2.0000e+01, 5.9300e-02, 5.7000e+01],
        [4.0000e+01, 1.0033e-03, 1.0000e+00],
        [4.0000e+01, 1.0033e-03, 5.0000e+00],
        [4.0000e+01, 1.0033e-03, 9.0000e+00],
        [4.0000e+01, 1.0033e-03, 1.3000e+01],
        [4.0000e+01, 1.0033e-03, 1.7000e+01],
        [4.0000e+01, 1.0033e-03, 2.1000e+01],
        [4.0000e+01, 1.0033e-03, 2.5000e+01],
        [4.0000e+01, 1.0033e-03, 2.9000e+01],
        [4.0000e+01, 1.0033e-03, 3.3000e+01],
        [4.0000e+01, 1.0033e-03, 3.7000e+01],
        [4.0000e+01, 1.0033e-03, 4.1000e+01],
        [4.0000e+01, 1.0033e-03, 4.5000e+01],
        [4.0000e+01, 1.0033e-03, 4.9000e+01],
        [4.0000e+01, 1.0033e-03, 5.3000e+01],
        [4.0000e+01, 1.0033e-03, 5.7000e+01],
        [4.0000e+01, 5.9300e-02, 2.0000e+00],
        [4.0000e+01, 5.9300e-02, 6.0000e+00],
        [4.0000e+01, 5.9300e-02, 1.0000e+01],
        [4.0000e+01, 5.9300e-02, 1.4000e+01],
        [4.0000e+01, 5.9300e-02, 1.8000e+01],
        [4.0000e+01, 5.9300e-02, 2.2000e+01],
        [4.0000e+01, 5.9300e-02, 2.6000e+01],
        [4.0000e+01, 5.9300e-02, 3.0000e+01],
        [4.0000e+01, 5.9300e-02, 3.4000e+01],
        [4.0000e+01, 5.9300e-02, 3.8000e+01],
        [4.0000e+01, 5.9300e-02, 4.2000e+01],
        [4.0000e+01, 5.9300e-02, 4.6000e+01],
        [4.0000e+01, 5.9300e-02, 5.0000e+01],
        [4.0000e+01, 5.9300e-02, 5.4000e+01],
        [4.0000e+01, 5.9300e-02, 5.8000e+01]], dtype=torch.float64)
2025-05-26 18:32:37,168 - INFO - Initial training data; train_Y: tensor([[4.2096e-04],
        [2.0189e-03],
        [1.5480e+00],
        [3.1501e-04],
        [1.2024e+00],
        [1.2346e+00],
        [1.1760e+00],
        [9.8859e-01],
        [9.3807e-01],
        [6.3900e-01],
        [7.8326e-01],
        [4.6793e-01],
        [5.9494e-01],
        [1.0026e+00],
        [6.0347e-01],
        [1.9687e-02],
        [8.1893e-04],
        [1.6465e+00],
        [9.7868e-03],
        [1.4748e+00],
        [1.8369e+00],
        [1.2025e+00],
        [9.1587e-01],
        [9.6503e-01],
        [2.7713e-04],
        [7.3472e-01],
        [2.8605e-04],
        [5.5048e-01],
        [9.6385e-01],
        [4.9890e-01],
        [4.8232e-02],
        [2.8823e-03],
        [2.2970e+00],
        [2.5054e-02],
        [1.9037e+00],
        [2.2344e+00],
        [1.5683e+00],
        [1.1766e+00],
        [1.2922e+00],
        [1.0756e-03],
        [9.4342e-01],
        [1.1065e-03],
        [7.3158e-01],
        [1.2836e+00],
        [6.7247e-01],
        [9.2474e-03],
        [1.0000e+00],
        [8.9587e-04],
        [3.7348e-01],
        [1.8995e+00],
        [8.8974e-04],
        [1.5894e+00],
        [8.9773e-04],
        [1.1893e+00],
        [7.8633e-01],
        [6.4898e-01],
        [7.0171e-01],
        [6.0126e-01],
        [9.0775e-04],
        [9.2461e-04]], dtype=torch.float64)
2025-05-26 18:32:37,168 - INFO - Starting Bayesian optimization with 50 iterations...
2025-05-26 18:56:40,620 - INFO - Bounds for Bayesian optimization: tensor([[2.0000e+01, 1.0033e-03, 0.0000e+00],
        [4.0000e+01, 5.9304e-02, 5.9000e+01]])
2025-05-26 18:56:40,725 - INFO - Number of initial training data samples: 60
2025-05-26 18:56:40,733 - INFO - Initial training data; train_X: tensor([[2.0000e+01, 1.0033e-03, 0.0000e+00],
        [2.0000e+01, 1.0033e-03, 4.0000e+00],
        [2.0000e+01, 1.0033e-03, 8.0000e+00],
        [2.0000e+01, 1.0033e-03, 1.2000e+01],
        [2.0000e+01, 1.0033e-03, 1.6000e+01],
        [2.0000e+01, 1.0033e-03, 2.0000e+01],
        [2.0000e+01, 1.0033e-03, 2.4000e+01],
        [2.0000e+01, 1.0033e-03, 2.8000e+01],
        [2.0000e+01, 1.0033e-03, 3.2000e+01],
        [2.0000e+01, 1.0033e-03, 3.6000e+01],
        [2.0000e+01, 1.0033e-03, 4.0000e+01],
        [2.0000e+01, 1.0033e-03, 4.4000e+01],
        [2.0000e+01, 1.0033e-03, 4.8000e+01],
        [2.0000e+01, 1.0033e-03, 5.2000e+01],
        [2.0000e+01, 1.0033e-03, 5.6000e+01],
        [2.0000e+01, 5.9300e-02, 1.0000e+00],
        [2.0000e+01, 5.9300e-02, 5.0000e+00],
        [2.0000e+01, 5.9300e-02, 9.0000e+00],
        [2.0000e+01, 5.9300e-02, 1.3000e+01],
        [2.0000e+01, 5.9300e-02, 1.7000e+01],
        [2.0000e+01, 5.9300e-02, 2.1000e+01],
        [2.0000e+01, 5.9300e-02, 2.5000e+01],
        [2.0000e+01, 5.9300e-02, 2.9000e+01],
        [2.0000e+01, 5.9300e-02, 3.3000e+01],
        [2.0000e+01, 5.9300e-02, 3.7000e+01],
        [2.0000e+01, 5.9300e-02, 4.1000e+01],
        [2.0000e+01, 5.9300e-02, 4.5000e+01],
        [2.0000e+01, 5.9300e-02, 4.9000e+01],
        [2.0000e+01, 5.9300e-02, 5.3000e+01],
        [2.0000e+01, 5.9300e-02, 5.7000e+01],
        [4.0000e+01, 1.0033e-03, 1.0000e+00],
        [4.0000e+01, 1.0033e-03, 5.0000e+00],
        [4.0000e+01, 1.0033e-03, 9.0000e+00],
        [4.0000e+01, 1.0033e-03, 1.3000e+01],
        [4.0000e+01, 1.0033e-03, 1.7000e+01],
        [4.0000e+01, 1.0033e-03, 2.1000e+01],
        [4.0000e+01, 1.0033e-03, 2.5000e+01],
        [4.0000e+01, 1.0033e-03, 2.9000e+01],
        [4.0000e+01, 1.0033e-03, 3.3000e+01],
        [4.0000e+01, 1.0033e-03, 3.7000e+01],
        [4.0000e+01, 1.0033e-03, 4.1000e+01],
        [4.0000e+01, 1.0033e-03, 4.5000e+01],
        [4.0000e+01, 1.0033e-03, 4.9000e+01],
        [4.0000e+01, 1.0033e-03, 5.3000e+01],
        [4.0000e+01, 1.0033e-03, 5.7000e+01],
        [4.0000e+01, 5.9300e-02, 2.0000e+00],
        [4.0000e+01, 5.9300e-02, 6.0000e+00],
        [4.0000e+01, 5.9300e-02, 1.0000e+01],
        [4.0000e+01, 5.9300e-02, 1.4000e+01],
        [4.0000e+01, 5.9300e-02, 1.8000e+01],
        [4.0000e+01, 5.9300e-02, 2.2000e+01],
        [4.0000e+01, 5.9300e-02, 2.6000e+01],
        [4.0000e+01, 5.9300e-02, 3.0000e+01],
        [4.0000e+01, 5.9300e-02, 3.4000e+01],
        [4.0000e+01, 5.9300e-02, 3.8000e+01],
        [4.0000e+01, 5.9300e-02, 4.2000e+01],
        [4.0000e+01, 5.9300e-02, 4.6000e+01],
        [4.0000e+01, 5.9300e-02, 5.0000e+01],
        [4.0000e+01, 5.9300e-02, 5.4000e+01],
        [4.0000e+01, 5.9300e-02, 5.8000e+01]], dtype=torch.float64)
2025-05-26 18:56:40,733 - INFO - Initial training data; train_Y: tensor([[4.2096e-04],
        [2.0189e-03],
        [1.5480e+00],
        [3.1501e-04],
        [1.2024e+00],
        [1.2346e+00],
        [1.1760e+00],
        [9.8859e-01],
        [9.3807e-01],
        [6.3900e-01],
        [7.8326e-01],
        [4.6793e-01],
        [5.9494e-01],
        [1.0026e+00],
        [6.0347e-01],
        [1.9687e-02],
        [8.1893e-04],
        [1.6465e+00],
        [9.7868e-03],
        [1.4748e+00],
        [1.8369e+00],
        [1.2025e+00],
        [9.1587e-01],
        [9.6503e-01],
        [2.7713e-04],
        [7.3472e-01],
        [2.8605e-04],
        [5.5048e-01],
        [9.6385e-01],
        [4.9890e-01],
        [4.8232e-02],
        [2.8823e-03],
        [2.2970e+00],
        [2.5054e-02],
        [1.9037e+00],
        [2.2344e+00],
        [1.5683e+00],
        [1.1766e+00],
        [1.2922e+00],
        [1.0756e-03],
        [9.4342e-01],
        [1.1065e-03],
        [7.3158e-01],
        [1.2836e+00],
        [6.7247e-01],
        [9.2474e-03],
        [1.0000e+00],
        [8.9587e-04],
        [3.7348e-01],
        [1.8995e+00],
        [8.8974e-04],
        [1.5894e+00],
        [8.9773e-04],
        [1.1893e+00],
        [7.8633e-01],
        [6.4898e-01],
        [7.0171e-01],
        [6.0126e-01],
        [9.0775e-04],
        [9.2461e-04]], dtype=torch.float64)
2025-05-26 18:56:40,733 - INFO - Starting Bayesian optimization with 50 iterations...
