 -----------------------------------------
 COSMOtherm Version 19.0.0 (Revision 5259)
 -----------------------------------------
 written by Frank Eckert, Andreas Klamt, Larissa Koch, Selman Terzi
 Copyright (C) 1999-2018, COSMOlogic GmbH & Co. KG

 Job name   : !! Multi-Component-2-Phase-Equilibrium calculation                        
 Job date   : 04/10/2025
 Job time   : 17:11:05
 Hostname   : unknown
 OS type    : Windows_NT
 Executable : Windows 64-bit

 Reading COSMOtherm parameter file BP_TZVPD_FINE_19.ctd from directory C:/Program Files/COSMOlogic/COSMOthermX19/COSMOtherm/CTDATA-FILES/
 Info: # COSMOtherm parameter file ./BP_TZVPD_FINE_19.ctd for BP-TZVPD-FINE (BP-TZVP optimized) COSMO files                                                  

 Reading COSMOtherm license key license.txt from directory C:/Program Files/COSMOlogic/COSMOthermX19/licensefiles/

 COSMOtherm license key expiration date 12/03/2025
 COSMOtherm license key version 24
 Customer : 200000000035108
 ID       : LKO2613120

 License keys:
  product                   |    licensed version    | status
 ------------------------------------------------------------------------------ 
  COSMOtherm                |          24            | active
  TURBOMOLE                 |          21            | active
  COSMOquick                |          24            | active
  COSMOconf                 |          24            | active
  COSMOmic                  |          24            | active
  COSMObase                 |          24            | active
  COSMOperm                 |          24            | active
  COSMOplex                 |          24            | active
 ------------------------------------------------------------------------------ 
 
 Reading vapor pressure and property information for compound 1 from file V:\groups\COSMOTHERM-Datenbank\COSMObase-1901\BP-TZVPD-FINE/h/h2o.vap
 Reading COSMO information for compound 1 conformer 1 from file V:\groups\COSMOTHERM-Datenbank\COSMObase-1901\BP-TZVPD-FINE/h/h2o_c0.cosmo
 
 Reading vapor pressure and property information for compound 2 from file V:\groups\COSMOTHERM-Datenbank\COSMObase-1901\BP-TZVPD-FINE/n/n-undecane.vap
 Reading COSMO information for compound 2 conformer 1 from file V:\groups\COSMOTHERM-Datenbank\COSMObase-1901\BP-TZVPD-FINE/n/n-undecane_c0.cosmo
 Reading COSMO information for compound 2 conformer 2 from file V:\groups\COSMOTHERM-Datenbank\COSMObase-1901\BP-TZVPD-FINE/n/n-undecane_c1.cosmo
 Reading COSMO information for compound 2 conformer 3 from file V:\groups\COSMOTHERM-Datenbank\COSMObase-1901\BP-TZVPD-FINE/n/n-undecane_c2.cosmo
 Reading COSMO information for compound 2 conformer 4 from file V:\groups\COSMOTHERM-Datenbank\COSMObase-1901\BP-TZVPD-FINE/n/n-undecane_c3.cosmo
 Reading COSMO information for compound 2 conformer 5 from file V:\groups\COSMOTHERM-Datenbank\COSMObase-1901\BP-TZVPD-FINE/n/n-undecane_c4.cosmo
 
 Reading vapor pressure and property information for compound 3 from file V:\groups\COSMOTHERM-Datenbank\COSMObase-1901\BP-TZVPD-FINE/l/lacticacid.vap
 Reading COSMO information for compound 3 conformer 1 from file V:\groups\COSMOTHERM-Datenbank\COSMObase-1901\BP-TZVPD-FINE/l/lacticacid_c0.cosmo
 Reading COSMO information for compound 3 conformer 2 from file V:\groups\COSMOTHERM-Datenbank\COSMObase-1901\BP-TZVPD-FINE/l/lacticacid_c1.cosmo
 Reading COSMO information for compound 3 conformer 3 from file V:\groups\COSMOTHERM-Datenbank\COSMObase-1901\BP-TZVPD-FINE/l/lacticacid_c2.cosmo
 Reading COSMO information for compound 3 conformer 4 from file V:\groups\COSMOTHERM-Datenbank\COSMObase-1901\BP-TZVPD-FINE/l/lacticacid_c3.cosmo
 Reading COSMO information for compound 3 conformer 5 from file V:\groups\COSMOTHERM-Datenbank\COSMObase-1901\BP-TZVPD-FINE/l/lacticacid_c4.cosmo
 Reading COSMO information for compound 3 conformer 6 from file V:\groups\COSMOTHERM-Datenbank\COSMObase-1901\BP-TZVPD-FINE/l/lacticacid_c5.cosmo


 --- Compound 1 (h2o) ---

 Experimental data for compound 1 (h2o) :
 CAS registry number for compound 1 (CAS-RN = 7732-18-5)
 Antoine equation coefficients ([mbar]/[K]) for compound 1:        18.8198      3956.2903       -40.6247
 Wagner equation coefficients ([mbar]/[K]) for compound 1:    220600.0000       647.1400        -7.7645         1.4584        -2.7758        -1.2330
 Vapor Pressure [mbar] / Temperature [°C] input for compound 1:
               10.0000            7.0000
              100.0000           45.8000
             1000.0000           99.6000
 Minimum temperature for vapor pressure estimation of compound 1 (TPVMIN = 275.00000 K)
 Maximum temperature for vapor pressure estimation of compound 1 (TPVMAX = 647.00000 K)
 UNIQUAC volume parameter for compound 1 (UNIQUAC_RI = 0.92000)
 UNIQUAC surface parameter for compound 1 (UNIQUAC_QI = 1.40000)
 Boiling temperature of compound 1 (TBOIL = 373.15000 K)
 Melting temperature of compound 1 (TMELT = 273.15000 K)
 Experimental dielectric constant for compound 1 (EPSILON = 78.20000)
 Critical temperature of compound 1 (TCRIT = 647.09600 K)
 Critical pressure of compound 1 (PCRIT = 220640.00000 mbar)
 Critical density of compound 1 (DCRIT = 0.32239 g/ml)
 DIPPR 116 density parameters for compound 1 (EXPDENSDIPPR116 = {0.92619 -1.15605 3.01718 -2.12561 273.16000 647.09500})

 Compound Information for compound 1 conformer 1 (COSMO file V:\groups\COSMOTHERM-Datenbank\COSMObase-1901\BP-TZVPD-FINE/h/h2o_c0.cosmo)
 Atomic weights         : 111
 E_COSMO+dE             :     -47993.2533 kcal/mol
 E_gas                  :     -47987.6758 kcal/mol
 E_COSMO-E_gas+dE       :         -5.5774 kcal/mol
 E_diel                 :         -8.0924 kcal/mol
 E_disp_intramolecular  :         -0.2880 kcal/mol
 Averaging corr dE      :          0.4368 kcal/mol
 Area                   :         43.1419 A^2
 Volume                 :         25.8553 A^3
 Molecular Weight       :         18.0153 a.m.u.
 Total COSMO charge     :         -0.0001 a.u.
 Dipole moment (t,x,y,z):          2.2004  0.001108  0.000271 -2.200437 Debye                            
 Sigma moments (1-6)    :          0.0000  6.40E+01  2.982917  1.35E+02  1.50E+01  3.17E+02              
 H-bond moment (accept) :          3.0054
 H-bond moment (donor)  :          2.9616
 
 No gas phase energy file for compound 1 conformer 1 found, using single point gas phase energy from cosmo file


 --- Compound 2 (n-undecane) ---

 Experimental data for compound 2 (n-undecane) :
 CAS registry number for compound 2 (CAS-RN = 1120-21-4)
 Antoine equation coefficients ([mbar]/[K]) for compound 2:        16.8009      3921.3202       -72.1828
 Vapor Pressure [mbar] / Temperature [°C] input for compound 2:
                0.1000            4.3000
               10.0000           69.5000
             1000.0000          195.4000
 Minimum temperature for vapor pressure estimation of compound 2 (TPVMIN = 277.45000 K)
 Maximum temperature for vapor pressure estimation of compound 2 (TPVMAX = 468.55000 K)
 Boiling temperature of compound 2 (TBOIL = 469.05000 K)
 Melting temperature of compound 2 (TMELT = 247.55000 K)

 Compound Information for compound 2 conformer 1 (COSMO file V:\groups\COSMOTHERM-Datenbank\COSMObase-1901\BP-TZVPD-FINE/n/n-undecane_c0.cosmo)
 Atomic weights         : 11111111111111111111111111111111111
 E_COSMO+dE             :    -272243.2926 kcal/mol
 E_gas                  :    -272242.2914 kcal/mol
 E_COSMO-E_gas+dE       :         -1.0012 kcal/mol
 E_diel                 :         -1.2796 kcal/mol
 E_disp_intramolecular  :        -26.6574 kcal/mol
 Averaging corr dE      :          0.2155 kcal/mol
 Area                   :        259.6529 A^2
 Volume                 :        256.2010 A^3
 Molecular Weight       :        156.3093 a.m.u.
 Total COSMO charge     :         -0.0005 a.u.
 Dipole moment (t,x,y,z):          0.1145  0.001450 -0.104717  0.046372 Debye                            
 Sigma moments (1-6)    :          0.0000  1.26E+01  0.149701  1.161627  0.032107  0.129661              
 H-bond moment (accept) :          0.0000
 H-bond moment (donor)  :          0.0000
 
 No gas phase energy file for compound 2 conformer 1 found, using single point gas phase energy from cosmo file

 Compound Information for compound 2 conformer 2 (COSMO file V:\groups\COSMOTHERM-Datenbank\COSMObase-1901\BP-TZVPD-FINE/n/n-undecane_c1.cosmo)
 Atomic weights         : 11111111111111111111111111111111111
 E_COSMO+dE             :    -272242.4906 kcal/mol
 E_gas                  :    -272241.5264 kcal/mol
 E_COSMO-E_gas+dE       :         -0.9642 kcal/mol
 E_diel                 :         -1.2460 kcal/mol
 E_disp_intramolecular  :        -27.5935 kcal/mol
 Averaging corr dE      :          0.2186 kcal/mol
 Area                   :        255.0819 A^2
 Volume                 :        256.1180 A^3
 Molecular Weight       :        156.3093 a.m.u.
 Total COSMO charge     :  -1.0932682E-05 a.u.
 Dipole moment (t,x,y,z):          0.0812  0.023821 -0.043740  0.064083 Debye                            
 Sigma moments (1-6)    :          0.0000  1.24E+01  0.006805  1.128458  0.003961  0.125253              
 H-bond moment (accept) :          0.0000
 H-bond moment (donor)  :          0.0000
 
 No gas phase energy file for compound 2 conformer 2 found, using single point gas phase energy from cosmo file

 Compound Information for compound 2 conformer 3 (COSMO file V:\groups\COSMOTHERM-Datenbank\COSMObase-1901\BP-TZVPD-FINE/n/n-undecane_c2.cosmo)
 Atomic weights         : 11111111111111111111111111111111111
 E_COSMO+dE             :    -272242.5244 kcal/mol
 E_gas                  :    -272241.5581 kcal/mol
 E_COSMO-E_gas+dE       :         -0.9662 kcal/mol
 E_diel                 :         -1.2435 kcal/mol
 E_disp_intramolecular  :        -27.6791 kcal/mol
 Averaging corr dE      :          0.2174 kcal/mol
 Area                   :        255.0496 A^2
 Volume                 :        256.1980 A^3
 Molecular Weight       :        156.3093 a.m.u.
 Total COSMO charge     :          0.0002 a.u.
 Dipole moment (t,x,y,z):          0.0760  0.065895  0.021940 -0.030880 Debye                            
 Sigma moments (1-6)    :          0.0000  1.24E+01 -0.016455  1.107244 -0.002176  0.120155              
 H-bond moment (accept) :          0.0000
 H-bond moment (donor)  :          0.0000
 
 No gas phase energy file for compound 2 conformer 3 found, using single point gas phase energy from cosmo file

 Compound Information for compound 2 conformer 4 (COSMO file V:\groups\COSMOTHERM-Datenbank\COSMObase-1901\BP-TZVPD-FINE/n/n-undecane_c3.cosmo)
 Atomic weights         : 11111111111111111111111111111111111
 E_COSMO+dE             :    -272242.3466 kcal/mol
 E_gas                  :    -272241.4032 kcal/mol
 E_COSMO-E_gas+dE       :         -0.9434 kcal/mol
 E_diel                 :         -1.2201 kcal/mol
 E_disp_intramolecular  :        -27.5323 kcal/mol
 Averaging corr dE      :          0.2180 kcal/mol
 Area                   :        255.7712 A^2
 Volume                 :        255.9906 A^3
 Molecular Weight       :        156.3093 a.m.u.
 Total COSMO charge     :  -5.1421638E-05 a.u.
 Dipole moment (t,x,y,z):          0.0855  0.049713 -0.040065 -0.056848 Debye                            
 Sigma moments (1-6)    :          0.0000  1.23E+01 -0.036799  1.085133 -0.006553  0.116528              
 H-bond moment (accept) :          0.0000
 H-bond moment (donor)  :          0.0000
 
 No gas phase energy file for compound 2 conformer 4 found, using single point gas phase energy from cosmo file

 Compound Information for compound 2 conformer 5 (COSMO file V:\groups\COSMOTHERM-Datenbank\COSMObase-1901\BP-TZVPD-FINE/n/n-undecane_c4.cosmo)
 Atomic weights         : 11111111111111111111111111111111111
 E_COSMO+dE             :    -272242.2606 kcal/mol
 E_gas                  :    -272241.3130 kcal/mol
 E_COSMO-E_gas+dE       :         -0.9476 kcal/mol
 E_diel                 :         -1.2234 kcal/mol
 E_disp_intramolecular  :        -27.4612 kcal/mol
 Averaging corr dE      :          0.2178 kcal/mol
 Area                   :        255.8220 A^2
 Volume                 :        256.0084 A^3
 Molecular Weight       :        156.3093 a.m.u.
 Total COSMO charge     :         -0.0003 a.u.
 Dipole moment (t,x,y,z):          0.0886  0.053768 -0.040525 -0.057645 Debye                            
 Sigma moments (1-6)    :          0.0000  1.23E+01 -0.052184  1.085974 -0.008250  0.116893              
 H-bond moment (accept) :          0.0000
 H-bond moment (donor)  :          0.0000
 
 No gas phase energy file for compound 2 conformer 5 found, using single point gas phase energy from cosmo file


 --- Compound 3 (lacticacid) ---

 Compound Information for compound 3 conformer 1 (COSMO file V:\groups\COSMOTHERM-Datenbank\COSMObase-1901\BP-TZVPD-FINE/l/lacticacid_c0.cosmo)
 Atomic weights         : 111111111111
 E_COSMO+dE             :    -215748.6801 kcal/mol
 E_gas                  :    -215737.1594 kcal/mol
 E_COSMO-E_gas+dE       :        -11.5207 kcal/mol
 E_diel                 :        -14.9233 kcal/mol
 E_disp_intramolecular  :         -7.9216 kcal/mol
 Averaging corr dE      :          0.6215 kcal/mol
 Area                   :        120.1634 A^2
 Volume                 :        106.5048 A^3
 Molecular Weight       :         90.0783 a.m.u.
 Total COSMO charge     :          0.0003 a.u.
 Dipole moment (t,x,y,z):          5.6342 -4.962581 -1.954290  1.815876 Debye                            
 Sigma moments (1-6)    :          0.0000  9.26E+01 -4.184013  1.56E+02 -5.10E+01  3.43E+02              
 H-bond moment (accept) :          2.0855
 H-bond moment (donor)  :          2.8372
 
 No gas phase energy file for compound 3 conformer 1 found, using single point gas phase energy from cosmo file

 Compound Information for compound 3 conformer 2 (COSMO file V:\groups\COSMOTHERM-Datenbank\COSMObase-1901\BP-TZVPD-FINE/l/lacticacid_c1.cosmo)
 Atomic weights         : 111111111111
 E_COSMO+dE             :    -215748.4986 kcal/mol
 E_gas                  :    -215737.5373 kcal/mol
 E_COSMO-E_gas+dE       :        -10.9613 kcal/mol
 E_diel                 :        -14.1864 kcal/mol
 E_disp_intramolecular  :         -7.9782 kcal/mol
 Averaging corr dE      :          0.6372 kcal/mol
 Area                   :        119.5838 A^2
 Volume                 :        106.3744 A^3
 Molecular Weight       :         90.0783 a.m.u.
 Total COSMO charge     :          0.0003 a.u.
 Dipole moment (t,x,y,z):          5.6432 -4.887041  2.797840  0.367402 Debye                            
 Sigma moments (1-6)    :          0.0000  8.87E+01  1.972080  1.40E+02 -2.98E+01  2.93E+02              
 H-bond moment (accept) :          1.8771
 H-bond moment (donor)  :          2.4847
 
 No gas phase energy file for compound 3 conformer 2 found, using single point gas phase energy from cosmo file

 Compound Information for compound 3 conformer 3 (COSMO file V:\groups\COSMOTHERM-Datenbank\COSMObase-1901\BP-TZVPD-FINE/l/lacticacid_c2.cosmo)
 Atomic weights         : 111111111111
 E_COSMO+dE             :    -215747.6065 kcal/mol
 E_gas                  :    -215739.4763 kcal/mol
 E_COSMO-E_gas+dE       :         -8.1301 kcal/mol
 E_diel                 :        -10.2144 kcal/mol
 E_disp_intramolecular  :         -7.8101 kcal/mol
 Averaging corr dE      :          0.7457 kcal/mol
 Area                   :        120.2417 A^2
 Volume                 :        106.5759 A^3
 Molecular Weight       :         90.0783 a.m.u.
 Total COSMO charge     :          0.0004 a.u.
 Dipole moment (t,x,y,z):          3.4208 -2.782781 -1.975225 -0.237114 Debye                            
 Sigma moments (1-6)    :          0.0000  8.17E+01 -9.493434  1.52E+02 -8.52E+01  4.02E+02              
 H-bond moment (accept) :          2.0796
 H-bond moment (donor)  :          3.5488
 
 No gas phase energy file for compound 3 conformer 3 found, using single point gas phase energy from cosmo file

 Compound Information for compound 3 conformer 4 (COSMO file V:\groups\COSMOTHERM-Datenbank\COSMObase-1901\BP-TZVPD-FINE/l/lacticacid_c3.cosmo)
 Atomic weights         : 111111111111
 E_COSMO+dE             :    -215746.1854 kcal/mol
 E_gas                  :    -215736.5699 kcal/mol
 E_COSMO-E_gas+dE       :         -9.6155 kcal/mol
 E_diel                 :        -12.0403 kcal/mol
 E_disp_intramolecular  :         -7.8263 kcal/mol
 Averaging corr dE      :          0.7985 kcal/mol
 Area                   :        121.2359 A^2
 Volume                 :        107.7258 A^3
 Molecular Weight       :         90.0783 a.m.u.
 Total COSMO charge     :          0.0004 a.u.
 Dipole moment (t,x,y,z):          2.6808  0.687585  1.222652  2.284563 Debye                            
 Sigma moments (1-6)    :          0.0000  9.52E+01 -9.279924  1.79E+02 -8.57E+01  4.42E+02              
 H-bond moment (accept) :          2.4742
 H-bond moment (donor)  :          4.7099
 
 No gas phase energy file for compound 3 conformer 4 found, using single point gas phase energy from cosmo file

 Compound Information for compound 3 conformer 5 (COSMO file V:\groups\COSMOTHERM-Datenbank\COSMObase-1901\BP-TZVPD-FINE/l/lacticacid_c4.cosmo)
 Atomic weights         : 111111111111
 E_COSMO+dE             :    -215746.0988 kcal/mol
 E_gas                  :    -215734.2469 kcal/mol
 E_COSMO-E_gas+dE       :        -11.8519 kcal/mol
 E_diel                 :        -15.4923 kcal/mol
 E_disp_intramolecular  :         -7.7365 kcal/mol
 Averaging corr dE      :          0.7497 kcal/mol
 Area                   :        121.4869 A^2
 Volume                 :        107.5139 A^3
 Molecular Weight       :         90.0783 a.m.u.
 Total COSMO charge     :          0.0001 a.u.
 Dipole moment (t,x,y,z):          4.5492 -2.507745 -3.769835  0.441697 Debye                            
 Sigma moments (1-6)    :          0.0000  1.05E+02 -0.628692  2.13E+02 -4.53E+01  5.50E+02              
 H-bond moment (accept) :          3.9249
 H-bond moment (donor)  :          4.9729
 
 No gas phase energy file for compound 3 conformer 5 found, using single point gas phase energy from cosmo file

 Compound Information for compound 3 conformer 6 (COSMO file V:\groups\COSMOTHERM-Datenbank\COSMObase-1901\BP-TZVPD-FINE/l/lacticacid_c5.cosmo)
 Atomic weights         : 111111111111
 E_COSMO+dE             :    -215746.0355 kcal/mol
 E_gas                  :    -215736.3775 kcal/mol
 E_COSMO-E_gas+dE       :         -9.6580 kcal/mol
 E_diel                 :        -12.1366 kcal/mol
 E_disp_intramolecular  :         -7.7279 kcal/mol
 Averaging corr dE      :          0.8020 kcal/mol
 Area                   :        121.1546 A^2
 Volume                 :        107.2976 A^3
 Molecular Weight       :         90.0783 a.m.u.
 Total COSMO charge     :          0.0004 a.u.
 Dipole moment (t,x,y,z):          1.9935 -1.037490 -1.370029  1.010343 Debye                            
 Sigma moments (1-6)    :          0.0000  9.63E+01 -1.07E+01  1.83E+02 -8.84E+01  4.53E+02              
 H-bond moment (accept) :          2.5251
 H-bond moment (donor)  :          4.6396
 
 No gas phase energy file for compound 3 conformer 6 found, using single point gas phase energy from cosmo file


 Total number of processed compounds:    3
 Total number of processed molecules:   12


----------------
 START job     1
----------------

 ---------------------------------------------------------------------
 Multi-Component-2-Phase-Equilibrium (Liquid Extraction) calculation
 Initial phase 1: X1={0.995949 0 0.004051}
 Initial phase 2: X2={0 1}
 ---------------------------------------------------------------------



 Results for mixture 1 - LIQ_EX Phase 1 Iteration    0
 ---------------------
 Temperature          :    293.150 K
 Compound Nr.         :         1         2         3
 Compound             :       h2o n-undecan lacticaci
 Mole Fraction        :    0.9959    0.0000    0.0041

 Compound: 1  (h2o)
 Chemical potential of the compound in the mixture :         2.88312 kcal/mol
 Log10(partial pressure [mbar])                    :         0.99136
 Free energy of molecule in mix (E_COSMO+dE+Mu)    :    -47990.37015 kcal/mol
 Total mean interaction energy in the mix (H_int)  :        -5.86214 kcal/mol
 Misfit interaction energy in the mix (H_MF)       :         0.54834 kcal/mol
 H-Bond interaction energy in the mix (H_HB)       :        -4.97523 kcal/mol
 VdW interaction energy in the mix (H_vdW)         :        -4.36730 kcal/mol
 Gas liquid transition energy in the mix (H_glt)   :         2.93205 kcal/mol

 Compound: 2  (n-undecane)
 Chemical potential of the compound in the mixture :         7.25929 kcal/mol
 Log10(partial pressure [mbar])                    :         7.95623
 Free energy of molecule in mix (E_COSMO+dE+Mu)    :   -272236.03328 kcal/mol
 Total mean interaction energy in the mix (H_int)  :        -8.34228 kcal/mol
 Misfit interaction energy in the mix (H_MF)       :         3.69101 kcal/mol
 H-Bond interaction energy in the mix (H_HB)       :         0.00000 kcal/mol
 VdW interaction energy in the mix (H_vdW)         :       -29.32215 kcal/mol
 Gas liquid transition energy in the mix (H_glt)   :        16.95451 kcal/mol

 Compound: 3  (lacticacid)
 Chemical potential of the compound in the mixture :         3.59583 kcal/mol
 Log10(partial pressure [mbar])                    :        -1.66742
 Free energy of molecule in mix (E_COSMO+dE+Mu)    :   -215745.08432 kcal/mol
 Total mean interaction energy in the mix (H_int)  :        -8.51294 kcal/mol
 Misfit interaction energy in the mix (H_MF)       :         1.78621 kcal/mol
 H-Bond interaction energy in the mix (H_HB)       :        -7.43497 kcal/mol
 VdW interaction energy in the mix (H_vdW)         :       -13.39011 kcal/mol
 Gas liquid transition energy in the mix (H_glt)   :         8.25184 kcal/mol



 Compound: 1 Conformer: 1 (h2o_c0)
 Chemical potential of the molecule in the mixture :         2.88312 kcal/mol
 Log10(partial pressure [mbar])                    :         0.99136
 Free energy of molecule in mix (E_COSMO+dE+Mu)    :    -47990.37015 kcal/mol
 Total mean interaction energy in the mix          :        -5.86214 kcal/mol
 Misfit interaction energy in the mix              :         0.54834 kcal/mol
 H-Bond interaction energy in the mix              :        -4.97523 kcal/mol
 VdW interaction energy in the mix                 :        -4.36730 kcal/mol
 Gas liquid transition energy in the mix (H_glt)   :         2.93205 kcal/mol
 Normalized weight factor of molecule in compound  :         1.00000
 Normalized weight factor of molecule in gas phase :         1.00000

 Compound: 2 Conformer: 1 (n-undecane_c0)
 Chemical potential of the molecule in the mixture :         7.54038 kcal/mol
 Log10(partial pressure [mbar])                    :         7.87501
 Free energy of molecule in mix (E_COSMO+dE+Mu)    :   -272235.75219 kcal/mol
 Total mean interaction energy in the mix          :        -8.81888 kcal/mol
 Misfit interaction energy in the mix              :         3.73469 kcal/mol
 H-Bond interaction energy in the mix              :         0.00000 kcal/mol
 VdW interaction energy in the mix                 :       -29.50808 kcal/mol
 Gas liquid transition energy in the mix (H_glt)   :        16.95451 kcal/mol
 Normalized weight factor of molecule in compound  :         0.61723
 Normalized weight factor of molecule in gas phase :         0.51194

 Compound: 2 Conformer: 2 (n-undecane_c1)
 Chemical potential of the molecule in the mixture :         7.75125 kcal/mol
 Log10(partial pressure [mbar])                    :         8.05979
 Free energy of molecule in mix (E_COSMO+dE+Mu)    :   -272234.73936 kcal/mol
 Total mean interaction energy in the mix          :        -8.45221 kcal/mol
 Misfit interaction energy in the mix              :         3.58482 kcal/mol
 H-Bond interaction energy in the mix              :         0.00000 kcal/mol
 VdW interaction energy in the mix                 :       -28.99155 kcal/mol
 Gas liquid transition energy in the mix (H_glt)   :        16.95451 kcal/mol
 Normalized weight factor of molecule in compound  :         0.10849
 Normalized weight factor of molecule in gas phase :         0.13654

 Compound: 2 Conformer: 3 (n-undecane_c2)
 Chemical potential of the molecule in the mixture :         7.79354 kcal/mol
 Log10(partial pressure [mbar])                    :         8.08980
 Free energy of molecule in mix (E_COSMO+dE+Mu)    :   -272234.73086 kcal/mol
 Total mean interaction energy in the mix          :        -8.39656 kcal/mol
 Misfit interaction energy in the mix              :         3.61197 kcal/mol
 H-Bond interaction energy in the mix              :         0.00000 kcal/mol
 VdW interaction energy in the mix                 :       -28.96304 kcal/mol
 Gas liquid transition energy in the mix (H_glt)   :        16.95451 kcal/mol
 Normalized weight factor of molecule in compound  :         0.10691
 Normalized weight factor of molecule in gas phase :         0.14471

 Compound: 2 Conformer: 4 (n-undecane_c3)
 Chemical potential of the molecule in the mixture :         7.73312 kcal/mol
 Log10(partial pressure [mbar])                    :         8.06180
 Free energy of molecule in mix (E_COSMO+dE+Mu)    :   -272234.61343 kcal/mol
 Total mean interaction energy in the mix          :        -8.44294 kcal/mol
 Misfit interaction energy in the mix              :         3.67523 kcal/mol
 H-Bond interaction energy in the mix              :         0.00000 kcal/mol
 VdW interaction energy in the mix                 :       -29.07269 kcal/mol
 Gas liquid transition energy in the mix (H_glt)   :        16.95451 kcal/mol
 Normalized weight factor of molecule in compound  :         0.08740
 Normalized weight factor of molecule in gas phase :         0.11134

 Compound: 2 Conformer: 5 (n-undecane_c4)
 Chemical potential of the molecule in the mixture :         7.69889 kcal/mol
 Log10(partial pressure [mbar])                    :         8.03313
 Free energy of molecule in mix (E_COSMO+dE+Mu)    :   -272234.56176 kcal/mol
 Total mean interaction energy in the mix          :        -8.51287 kcal/mol
 Misfit interaction energy in the mix              :         3.62090 kcal/mol
 H-Bond interaction energy in the mix              :         0.00000 kcal/mol
 VdW interaction energy in the mix                 :       -29.08829 kcal/mol
 Gas liquid transition energy in the mix (H_glt)   :        16.95451 kcal/mol
 Normalized weight factor of molecule in compound  :         0.07998
 Normalized weight factor of molecule in gas phase :         0.09547

 Compound: 3 Conformer: 1 (lacticacid_c0)
 Chemical potential of the molecule in the mixture :         5.53149 kcal/mol
 Log10(partial pressure [mbar])                    :        -1.46501
 Free energy of molecule in mix (E_COSMO+dE+Mu)    :   -215743.14865 kcal/mol
 Total mean interaction energy in the mix          :        -7.84628 kcal/mol
 Misfit interaction energy in the mix              :         1.82292 kcal/mol
 H-Bond interaction energy in the mix              :        -4.58127 kcal/mol
 VdW interaction energy in the mix                 :       -13.33978 kcal/mol
 Gas liquid transition energy in the mix (H_glt)   :         8.25184 kcal/mol
 Normalized weight factor of molecule in compound  :         0.03605
 Normalized weight factor of molecule in gas phase :         0.00476

 Compound: 3 Conformer: 2 (lacticacid_c1)
 Chemical potential of the molecule in the mixture :         5.68713 kcal/mol
 Log10(partial pressure [mbar])                    :        -0.93196
 Free energy of molecule in mix (E_COSMO+dE+Mu)    :   -215742.81152 kcal/mol
 Total mean interaction energy in the mix          :        -7.38048 kcal/mol
 Misfit interaction energy in the mix              :         1.94454 kcal/mol
 H-Bond interaction energy in the mix              :        -4.25856 kcal/mol
 VdW interaction energy in the mix                 :       -13.31829 kcal/mol
 Gas liquid transition energy in the mix (H_glt)   :         8.25184 kcal/mol
 Normalized weight factor of molecule in compound  :         0.02021
 Normalized weight factor of molecule in gas phase :         0.00936

 Compound: 3 Conformer: 3 (lacticacid_c2)
 Chemical potential of the molecule in the mixture :         3.83327 kcal/mol
 Log10(partial pressure [mbar])                    :        -0.20335
 Free energy of molecule in mix (E_COSMO+dE+Mu)    :   -215743.77319 kcal/mol
 Total mean interaction energy in the mix          :        -8.50260 kcal/mol
 Misfit interaction energy in the mix              :         1.86509 kcal/mol
 H-Bond interaction energy in the mix              :        -5.21507 kcal/mol
 VdW interaction energy in the mix                 :       -13.40446 kcal/mol
 Gas liquid transition energy in the mix (H_glt)   :         8.25184 kcal/mol
 Normalized weight factor of molecule in compound  :         0.10533
 Normalized weight factor of molecule in gas phase :         0.94961

 Compound: 3 Conformer: 4 (lacticacid_c3)
 Chemical potential of the molecule in the mixture :         2.03000 kcal/mol
 Log10(partial pressure [mbar])                    :        -2.65507
 Free energy of molecule in mix (E_COSMO+dE+Mu)    :   -215744.15543 kcal/mol
 Total mean interaction energy in the mix          :       -10.72524 kcal/mol
 Misfit interaction energy in the mix              :         1.78869 kcal/mol
 H-Bond interaction energy in the mix              :        -7.38901 kcal/mol
 VdW interaction energy in the mix                 :       -13.37676 kcal/mol
 Gas liquid transition energy in the mix (H_glt)   :         8.25184 kcal/mol
 Normalized weight factor of molecule in compound  :         0.20301
 Normalized weight factor of molecule in gas phase :         0.02089

 Compound: 3 Conformer: 5 (lacticacid_c4)
 Chemical potential of the molecule in the mixture :         1.45893 kcal/mol
 Log10(partial pressure [mbar])                    :        -4.74803
 Free energy of molecule in mix (E_COSMO+dE+Mu)    :   -215744.63990 kcal/mol
 Total mean interaction energy in the mix          :       -11.69801 kcal/mol
 Misfit interaction energy in the mix              :         1.76644 kcal/mol
 H-Bond interaction energy in the mix              :        -8.31964 kcal/mol
 VdW interaction energy in the mix                 :       -13.39665 kcal/mol
 Gas liquid transition energy in the mix (H_glt)   :         8.25184 kcal/mol
 Normalized weight factor of molecule in compound  :         0.46632
 Normalized weight factor of molecule in gas phase :         0.00039

 Compound: 3 Conformer: 6 (lacticacid_c5)
 Chemical potential of the molecule in the mixture :         1.98657 kcal/mol
 Log10(partial pressure [mbar])                    :        -2.71911
 Free energy of molecule in mix (E_COSMO+dE+Mu)    :   -215744.04889 kcal/mol
 Total mean interaction energy in the mix          :       -10.80606 kcal/mol
 Misfit interaction energy in the mix              :         1.76191 kcal/mol
 H-Bond interaction energy in the mix              :        -7.42132 kcal/mol
 VdW interaction energy in the mix                 :       -13.39849 kcal/mol
 Gas liquid transition energy in the mix (H_glt)   :         8.25184 kcal/mol
 Normalized weight factor of molecule in compound  :         0.16908
 Normalized weight factor of molecule in gas phase :         0.01500




 Results for mixture 2 - LIQ_EX Phase 2 Iteration    0
 ---------------------
 Temperature          :    293.150 K
 Compound Nr.         :         1         2         3
 Compound             :       h2o n-undecan lacticaci
 Mole Fraction        :    0.0000    1.0000    0.0000

 Compound: 1  (h2o)
 Chemical potential of the compound in the mixture :         8.19624 kcal/mol
 Log10(partial pressure [mbar])                    :         4.95233
 Free energy of molecule in mix (E_COSMO+dE+Mu)    :    -47985.05703 kcal/mol
 Total mean interaction energy in the mix (H_int)  :         0.94123 kcal/mol
 Misfit interaction energy in the mix (H_MF)       :         2.68619 kcal/mol
 H-Bond interaction energy in the mix (H_HB)       :         0.00000 kcal/mol
 VdW interaction energy in the mix (H_vdW)         :        -4.67700 kcal/mol
 Gas liquid transition energy in the mix (H_glt)   :         2.93205 kcal/mol
 Equilibrium constant Kx(1,2)                      :      9140.51394
 Equilibrium concentration x_k(1,2)                :         0.99989

 Compound: 2  (n-undecane)
 Chemical potential of the compound in the mixture :        -3.82382 kcal/mol
 Log10(partial pressure [mbar])                    :        -0.30631
 Free energy of molecule in mix (E_COSMO+dE+Mu)    :   -272247.11639 kcal/mol
 Total mean interaction energy in the mix (H_int)  :       -12.05546 kcal/mol
 Misfit interaction energy in the mix (H_MF)       :         0.91726 kcal/mol
 H-Bond interaction energy in the mix (H_HB)       :         0.00000 kcal/mol
 VdW interaction energy in the mix (H_vdW)         :       -30.19576 kcal/mol
 Gas liquid transition energy in the mix (H_glt)   :        16.95451 kcal/mol
 Equilibrium constant Kx(1,2)                      :  5.46333030E-09
 Equilibrium concentration x_k(1,2)                :         0.00000

 Compound: 3  (lacticacid)
 Chemical potential of the compound in the mixture :         8.55319 kcal/mol
 Log10(partial pressure [mbar])                    :         2.02833
 Free energy of molecule in mix (E_COSMO+dE+Mu)    :   -215740.12695 kcal/mol
 Total mean interaction energy in the mix (H_int)  :        -1.13177 kcal/mol
 Misfit interaction energy in the mix (H_MF)       :         3.72708 kcal/mol
 H-Bond interaction energy in the mix (H_HB)       :         0.00000 kcal/mol
 VdW interaction energy in the mix (H_vdW)         :       -14.18197 kcal/mol
 Gas liquid transition energy in the mix (H_glt)   :         8.25184 kcal/mol
 Equilibrium constant Kx(1,2)                      :      4963.11634
 Equilibrium concentration x_k(1,2)                :         0.99980



 Compound: 1 Conformer: 1 (h2o_c0)
 Chemical potential of the molecule in the mixture :         8.19624 kcal/mol
 Log10(partial pressure [mbar])                    :         4.95233
 Free energy of molecule in mix (E_COSMO+dE+Mu)    :    -47985.05703 kcal/mol
 Total mean interaction energy in the mix          :         0.94123 kcal/mol
 Misfit interaction energy in the mix              :         2.68619 kcal/mol
 H-Bond interaction energy in the mix              :         0.00000 kcal/mol
 VdW interaction energy in the mix                 :        -4.67700 kcal/mol
 Gas liquid transition energy in the mix (H_glt)   :         2.93205 kcal/mol
 Normalized weight factor of molecule in compound  :         1.00000
 Normalized weight factor of molecule in gas phase :         1.00000

 Compound: 2 Conformer: 1 (n-undecane_c0)
 Chemical potential of the molecule in the mixture :        -3.61130 kcal/mol
 Log10(partial pressure [mbar])                    :        -0.43866
 Free energy of molecule in mix (E_COSMO+dE+Mu)    :   -272246.90387 kcal/mol
 Total mean interaction energy in the mix          :       -12.46740 kcal/mol
 Misfit interaction energy in the mix              :         0.92394 kcal/mol
 H-Bond interaction energy in the mix              :         0.00000 kcal/mol
 VdW interaction energy in the mix                 :       -30.34585 kcal/mol
 Gas liquid transition energy in the mix (H_glt)   :        16.95451 kcal/mol
 Normalized weight factor of molecule in compound  :         0.69433
 Normalized weight factor of molecule in gas phase :         0.51194

 Compound: 2 Conformer: 2 (n-undecane_c1)
 Chemical potential of the molecule in the mixture :        -3.16852 kcal/mol
 Log10(partial pressure [mbar])                    :        -0.08098
 Free energy of molecule in mix (E_COSMO+dE+Mu)    :   -272245.65912 kcal/mol
 Total mean interaction energy in the mix          :       -11.96066 kcal/mol
 Misfit interaction energy in the mix              :         0.90506 kcal/mol
 H-Bond interaction energy in the mix              :         0.00000 kcal/mol
 VdW interaction energy in the mix                 :       -29.82024 kcal/mol
 Gas liquid transition energy in the mix (H_glt)   :        16.95451 kcal/mol
 Normalized weight factor of molecule in compound  :         0.08196
 Normalized weight factor of molecule in gas phase :         0.13654

 Compound: 2 Conformer: 3 (n-undecane_c2)
 Chemical potential of the molecule in the mixture :        -3.13580 kcal/mol
 Log10(partial pressure [mbar])                    :        -0.05810
 Free energy of molecule in mix (E_COSMO+dE+Mu)    :   -272245.66019 kcal/mol
 Total mean interaction energy in the mix          :       -11.93328 kcal/mol
 Misfit interaction energy in the mix              :         0.90318 kcal/mol
 H-Bond interaction energy in the mix              :         0.00000 kcal/mol
 VdW interaction energy in the mix                 :       -29.79097 kcal/mol
 Gas liquid transition energy in the mix (H_glt)   :        16.95451 kcal/mol
 Normalized weight factor of molecule in compound  :         0.08211
 Normalized weight factor of molecule in gas phase :         0.14471

 Compound: 2 Conformer: 4 (n-undecane_c3)
 Chemical potential of the molecule in the mixture :        -3.25655 kcal/mol
 Log10(partial pressure [mbar])                    :        -0.13109
 Free energy of molecule in mix (E_COSMO+dE+Mu)    :   -272245.60310 kcal/mol
 Total mean interaction energy in the mix          :       -12.04887 kcal/mol
 Misfit interaction energy in the mix              :         0.90015 kcal/mol
 H-Bond interaction energy in the mix              :         0.00000 kcal/mol
 VdW interaction energy in the mix                 :       -29.90354 kcal/mol
 Gas liquid transition energy in the mix (H_glt)   :        16.95451 kcal/mol
 Normalized weight factor of molecule in compound  :         0.07444
 Normalized weight factor of molecule in gas phase :         0.11134

 Compound: 2 Conformer: 5 (n-undecane_c4)
 Chemical potential of the molecule in the mixture :        -3.28243 kcal/mol
 Log10(partial pressure [mbar])                    :        -0.15352
 Free energy of molecule in mix (E_COSMO+dE+Mu)    :   -272245.54307 kcal/mol
 Total mean interaction energy in the mix          :       -12.06734 kcal/mol
 Misfit interaction energy in the mix              :         0.89928 kcal/mol
 H-Bond interaction energy in the mix              :         0.00000 kcal/mol
 VdW interaction energy in the mix                 :       -29.92113 kcal/mol
 Gas liquid transition energy in the mix (H_glt)   :        16.95451 kcal/mol
 Normalized weight factor of molecule in compound  :         0.06716
 Normalized weight factor of molecule in gas phase :         0.09547

 Compound: 3 Conformer: 1 (lacticacid_c0)
 Chemical potential of the molecule in the mixture :        10.54317 kcal/mol
 Log10(partial pressure [mbar])                    :         2.27124
 Free energy of molecule in mix (E_COSMO+dE+Mu)    :   -215738.13697 kcal/mol
 Total mean interaction energy in the mix          :        -0.54560 kcal/mol
 Misfit interaction energy in the mix              :         5.35371 kcal/mol
 H-Bond interaction energy in the mix              :         0.00000 kcal/mol
 VdW interaction energy in the mix                 :       -14.15115 kcal/mol
 Gas liquid transition energy in the mix (H_glt)   :         8.25184 kcal/mol
 Normalized weight factor of molecule in compound  :         0.03284
 Normalized weight factor of molecule in gas phase :         0.00476

 Compound: 3 Conformer: 2 (lacticacid_c1)
 Chemical potential of the molecule in the mixture :        10.12588 kcal/mol
 Log10(partial pressure [mbar])                    :         2.37717
 Free energy of molecule in mix (E_COSMO+dE+Mu)    :   -215738.37277 kcal/mol
 Total mean interaction energy in the mix          :        -0.76510 kcal/mol
 Misfit interaction energy in the mix              :         5.10609 kcal/mol
 H-Bond interaction energy in the mix              :         0.00000 kcal/mol
 VdW interaction energy in the mix                 :       -14.12303 kcal/mol
 Gas liquid transition energy in the mix (H_glt)   :         8.25184 kcal/mol
 Normalized weight factor of molecule in compound  :         0.04923
 Normalized weight factor of molecule in gas phase :         0.00936

 Compound: 3 Conformer: 3 (lacticacid_c2)
 Chemical potential of the molecule in the mixture :         7.56313 kcal/mol
 Log10(partial pressure [mbar])                    :         2.57729
 Free energy of molecule in mix (E_COSMO+dE+Mu)    :   -215740.04333 kcal/mol
 Total mean interaction energy in the mix          :        -2.37190 kcal/mol
 Misfit interaction energy in the mix              :         3.56175 kcal/mol
 H-Bond interaction energy in the mix              :         0.00000 kcal/mol
 VdW interaction energy in the mix                 :       -14.18549 kcal/mol
 Gas liquid transition energy in the mix (H_glt)   :         8.25184 kcal/mol
 Normalized weight factor of molecule in compound  :         0.86629
 Normalized weight factor of molecule in gas phase :         0.94961

 Compound: 3 Conformer: 4 (lacticacid_c3)
 Chemical potential of the molecule in the mixture :         8.13552 kcal/mol
 Log10(partial pressure [mbar])                    :         1.89664
 Free energy of molecule in mix (E_COSMO+dE+Mu)    :   -215738.04992 kcal/mol
 Total mean interaction energy in the mix          :        -1.81729 kcal/mol
 Misfit interaction energy in the mix              :         4.11618 kcal/mol
 H-Bond interaction energy in the mix              :         0.00000 kcal/mol
 VdW interaction energy in the mix                 :       -14.18532 kcal/mol
 Gas liquid transition energy in the mix (H_glt)   :         8.25184 kcal/mol
 Normalized weight factor of molecule in compound  :         0.02829
 Normalized weight factor of molecule in gas phase :         0.02089

 Compound: 3 Conformer: 5 (lacticacid_c4)
 Chemical potential of the molecule in the mixture :         9.79100 kcal/mol
 Log10(partial pressure [mbar])                    :         1.46359
 Free energy of molecule in mix (E_COSMO+dE+Mu)    :   -215736.30783 kcal/mol
 Total mean interaction energy in the mix          :        -0.55762 kcal/mol
 Misfit interaction energy in the mix              :         5.42428 kcal/mol
 H-Bond interaction energy in the mix              :         0.00000 kcal/mol
 VdW interaction energy in the mix                 :       -14.23375 kcal/mol
 Gas liquid transition energy in the mix (H_glt)   :         8.25184 kcal/mol
 Normalized weight factor of molecule in compound  :         0.00142
 Normalized weight factor of molecule in gas phase :         0.00039

 Compound: 3 Conformer: 6 (lacticacid_c5)
 Chemical potential of the molecule in the mixture :         8.13379 kcal/mol
 Log10(partial pressure [mbar])                    :         1.86368
 Free energy of molecule in mix (E_COSMO+dE+Mu)    :   -215737.90168 kcal/mol
 Total mean interaction energy in the mix          :        -1.84788 kcal/mol
 Misfit interaction energy in the mix              :         4.11412 kcal/mol
 H-Bond interaction energy in the mix              :         0.00000 kcal/mol
 VdW interaction energy in the mix                 :       -14.21384 kcal/mol
 Gas liquid transition energy in the mix (H_glt)   :         8.25184 kcal/mol
 Normalized weight factor of molecule in compound  :         0.02193
 Normalized weight factor of molecule in gas phase :         0.01500




 Results for mixture 3 - LIQ_EX Phase 1 Iteration    1
 ---------------------
 Temperature          :    293.150 K
 Compound Nr.         :         1         2         3
 Compound             :       h2o n-undecan lacticaci
 Mole Fraction        :    0.9959    0.0000    0.0041

 Compound: 1  (h2o)
 Chemical potential of the compound in the mixture :         2.88312 kcal/mol
 Log10(partial pressure [mbar])                    :         0.99136
 Free energy of molecule in mix (E_COSMO+dE+Mu)    :    -47990.37015 kcal/mol
 Total mean interaction energy in the mix (H_int)  :        -5.86214 kcal/mol
 Misfit interaction energy in the mix (H_MF)       :         0.54834 kcal/mol
 H-Bond interaction energy in the mix (H_HB)       :        -4.97523 kcal/mol
 VdW interaction energy in the mix (H_vdW)         :        -4.36730 kcal/mol
 Gas liquid transition energy in the mix (H_glt)   :         2.93205 kcal/mol

 Compound: 2  (n-undecane)
 Chemical potential of the compound in the mixture :         7.25930 kcal/mol
 Log10(partial pressure [mbar])                    :         7.95624
 Free energy of molecule in mix (E_COSMO+dE+Mu)    :   -272236.03327 kcal/mol
 Total mean interaction energy in the mix (H_int)  :        -8.34228 kcal/mol
 Misfit interaction energy in the mix (H_MF)       :         3.69101 kcal/mol
 H-Bond interaction energy in the mix (H_HB)       :         0.00000 kcal/mol
 VdW interaction energy in the mix (H_vdW)         :       -29.32215 kcal/mol
 Gas liquid transition energy in the mix (H_glt)   :        16.95451 kcal/mol

 Compound: 3  (lacticacid)
 Chemical potential of the compound in the mixture :         3.59583 kcal/mol
 Log10(partial pressure [mbar])                    :        -1.66742
 Free energy of molecule in mix (E_COSMO+dE+Mu)    :   -215745.08432 kcal/mol
 Total mean interaction energy in the mix (H_int)  :        -8.51295 kcal/mol
 Misfit interaction energy in the mix (H_MF)       :         1.78621 kcal/mol
 H-Bond interaction energy in the mix (H_HB)       :        -7.43497 kcal/mol
 VdW interaction energy in the mix (H_vdW)         :       -13.39011 kcal/mol
 Gas liquid transition energy in the mix (H_glt)   :         8.25184 kcal/mol



 Compound: 1 Conformer: 1 (h2o_c0)
 Chemical potential of the molecule in the mixture :         2.88312 kcal/mol
 Log10(partial pressure [mbar])                    :         0.99136
 Free energy of molecule in mix (E_COSMO+dE+Mu)    :    -47990.37015 kcal/mol
 Total mean interaction energy in the mix          :        -5.86214 kcal/mol
 Misfit interaction energy in the mix              :         0.54834 kcal/mol
 H-Bond interaction energy in the mix              :        -4.97523 kcal/mol
 VdW interaction energy in the mix                 :        -4.36730 kcal/mol
 Gas liquid transition energy in the mix (H_glt)   :         2.93205 kcal/mol
 Normalized weight factor of molecule in compound  :         1.00000
 Normalized weight factor of molecule in gas phase :         1.00000

 Compound: 2 Conformer: 1 (n-undecane_c0)
 Chemical potential of the molecule in the mixture :         7.54039 kcal/mol
 Log10(partial pressure [mbar])                    :         7.87501
 Free energy of molecule in mix (E_COSMO+dE+Mu)    :   -272235.75218 kcal/mol
 Total mean interaction energy in the mix          :        -8.81888 kcal/mol
 Misfit interaction energy in the mix              :         3.73469 kcal/mol
 H-Bond interaction energy in the mix              :         0.00000 kcal/mol
 VdW interaction energy in the mix                 :       -29.50808 kcal/mol
 Gas liquid transition energy in the mix (H_glt)   :        16.95451 kcal/mol
 Normalized weight factor of molecule in compound  :         0.61723
 Normalized weight factor of molecule in gas phase :         0.51194

 Compound: 2 Conformer: 2 (n-undecane_c1)
 Chemical potential of the molecule in the mixture :         7.75125 kcal/mol
 Log10(partial pressure [mbar])                    :         8.05980
 Free energy of molecule in mix (E_COSMO+dE+Mu)    :   -272234.73935 kcal/mol
 Total mean interaction energy in the mix          :        -8.45221 kcal/mol
 Misfit interaction energy in the mix              :         3.58482 kcal/mol
 H-Bond interaction energy in the mix              :         0.00000 kcal/mol
 VdW interaction energy in the mix                 :       -28.99154 kcal/mol
 Gas liquid transition energy in the mix (H_glt)   :        16.95451 kcal/mol
 Normalized weight factor of molecule in compound  :         0.10849
 Normalized weight factor of molecule in gas phase :         0.13654

 Compound: 2 Conformer: 3 (n-undecane_c2)
 Chemical potential of the molecule in the mixture :         7.79355 kcal/mol
 Log10(partial pressure [mbar])                    :         8.08980
 Free energy of molecule in mix (E_COSMO+dE+Mu)    :   -272234.73085 kcal/mol
 Total mean interaction energy in the mix          :        -8.39656 kcal/mol
 Misfit interaction energy in the mix              :         3.61197 kcal/mol
 H-Bond interaction energy in the mix              :         0.00000 kcal/mol
 VdW interaction energy in the mix                 :       -28.96304 kcal/mol
 Gas liquid transition energy in the mix (H_glt)   :        16.95451 kcal/mol
 Normalized weight factor of molecule in compound  :         0.10691
 Normalized weight factor of molecule in gas phase :         0.14471

 Compound: 2 Conformer: 4 (n-undecane_c3)
 Chemical potential of the molecule in the mixture :         7.73313 kcal/mol
 Log10(partial pressure [mbar])                    :         8.06180
 Free energy of molecule in mix (E_COSMO+dE+Mu)    :   -272234.61342 kcal/mol
 Total mean interaction energy in the mix          :        -8.44294 kcal/mol
 Misfit interaction energy in the mix              :         3.67523 kcal/mol
 H-Bond interaction energy in the mix              :         0.00000 kcal/mol
 VdW interaction energy in the mix                 :       -29.07268 kcal/mol
 Gas liquid transition energy in the mix (H_glt)   :        16.95451 kcal/mol
 Normalized weight factor of molecule in compound  :         0.08740
 Normalized weight factor of molecule in gas phase :         0.11134

 Compound: 2 Conformer: 5 (n-undecane_c4)
 Chemical potential of the molecule in the mixture :         7.69890 kcal/mol
 Log10(partial pressure [mbar])                    :         8.03314
 Free energy of molecule in mix (E_COSMO+dE+Mu)    :   -272234.56175 kcal/mol
 Total mean interaction energy in the mix          :        -8.51287 kcal/mol
 Misfit interaction energy in the mix              :         3.62090 kcal/mol
 H-Bond interaction energy in the mix              :         0.00000 kcal/mol
 VdW interaction energy in the mix                 :       -29.08828 kcal/mol
 Gas liquid transition energy in the mix (H_glt)   :        16.95451 kcal/mol
 Normalized weight factor of molecule in compound  :         0.07998
 Normalized weight factor of molecule in gas phase :         0.09547

 Compound: 3 Conformer: 1 (lacticacid_c0)
 Chemical potential of the molecule in the mixture :         5.53149 kcal/mol
 Log10(partial pressure [mbar])                    :        -1.46501
 Free energy of molecule in mix (E_COSMO+dE+Mu)    :   -215743.14865 kcal/mol
 Total mean interaction energy in the mix          :        -7.84628 kcal/mol
 Misfit interaction energy in the mix              :         1.82292 kcal/mol
 H-Bond interaction energy in the mix              :        -4.58127 kcal/mol
 VdW interaction energy in the mix                 :       -13.33978 kcal/mol
 Gas liquid transition energy in the mix (H_glt)   :         8.25184 kcal/mol
 Normalized weight factor of molecule in compound  :         0.03605
 Normalized weight factor of molecule in gas phase :         0.00476

 Compound: 3 Conformer: 2 (lacticacid_c1)
 Chemical potential of the molecule in the mixture :         5.68713 kcal/mol
 Log10(partial pressure [mbar])                    :        -0.93196
 Free energy of molecule in mix (E_COSMO+dE+Mu)    :   -215742.81152 kcal/mol
 Total mean interaction energy in the mix          :        -7.38048 kcal/mol
 Misfit interaction energy in the mix              :         1.94454 kcal/mol
 H-Bond interaction energy in the mix              :        -4.25857 kcal/mol
 VdW interaction energy in the mix                 :       -13.31829 kcal/mol
 Gas liquid transition energy in the mix (H_glt)   :         8.25184 kcal/mol
 Normalized weight factor of molecule in compound  :         0.02021
 Normalized weight factor of molecule in gas phase :         0.00936

 Compound: 3 Conformer: 3 (lacticacid_c2)
 Chemical potential of the molecule in the mixture :         3.83327 kcal/mol
 Log10(partial pressure [mbar])                    :        -0.20335
 Free energy of molecule in mix (E_COSMO+dE+Mu)    :   -215743.77319 kcal/mol
 Total mean interaction energy in the mix          :        -8.50260 kcal/mol
 Misfit interaction energy in the mix              :         1.86509 kcal/mol
 H-Bond interaction energy in the mix              :        -5.21507 kcal/mol
 VdW interaction energy in the mix                 :       -13.40446 kcal/mol
 Gas liquid transition energy in the mix (H_glt)   :         8.25184 kcal/mol
 Normalized weight factor of molecule in compound  :         0.10533
 Normalized weight factor of molecule in gas phase :         0.94961

 Compound: 3 Conformer: 4 (lacticacid_c3)
 Chemical potential of the molecule in the mixture :         2.03000 kcal/mol
 Log10(partial pressure [mbar])                    :        -2.65507
 Free energy of molecule in mix (E_COSMO+dE+Mu)    :   -215744.15543 kcal/mol
 Total mean interaction energy in the mix          :       -10.72524 kcal/mol
 Misfit interaction energy in the mix              :         1.78868 kcal/mol
 H-Bond interaction energy in the mix              :        -7.38901 kcal/mol
 VdW interaction energy in the mix                 :       -13.37676 kcal/mol
 Gas liquid transition energy in the mix (H_glt)   :         8.25184 kcal/mol
 Normalized weight factor of molecule in compound  :         0.20301
 Normalized weight factor of molecule in gas phase :         0.02089

 Compound: 3 Conformer: 5 (lacticacid_c4)
 Chemical potential of the molecule in the mixture :         1.45893 kcal/mol
 Log10(partial pressure [mbar])                    :        -4.74803
 Free energy of molecule in mix (E_COSMO+dE+Mu)    :   -215744.63990 kcal/mol
 Total mean interaction energy in the mix          :       -11.69801 kcal/mol
 Misfit interaction energy in the mix              :         1.76644 kcal/mol
 H-Bond interaction energy in the mix              :        -8.31964 kcal/mol
 VdW interaction energy in the mix                 :       -13.39665 kcal/mol
 Gas liquid transition energy in the mix (H_glt)   :         8.25184 kcal/mol
 Normalized weight factor of molecule in compound  :         0.46632
 Normalized weight factor of molecule in gas phase :         0.00039

 Compound: 3 Conformer: 6 (lacticacid_c5)
 Chemical potential of the molecule in the mixture :         1.98657 kcal/mol
 Log10(partial pressure [mbar])                    :        -2.71911
 Free energy of molecule in mix (E_COSMO+dE+Mu)    :   -215744.04889 kcal/mol
 Total mean interaction energy in the mix          :       -10.80607 kcal/mol
 Misfit interaction energy in the mix              :         1.76190 kcal/mol
 H-Bond interaction energy in the mix              :        -7.42132 kcal/mol
 VdW interaction energy in the mix                 :       -13.39849 kcal/mol
 Gas liquid transition energy in the mix (H_glt)   :         8.25184 kcal/mol
 Normalized weight factor of molecule in compound  :         0.16908
 Normalized weight factor of molecule in gas phase :         0.01500




 Results for mixture 4 - LIQ_EX Phase 2 Iteration    1
 ---------------------
 Temperature          :    293.150 K
 Compound Nr.         :         1         2         3
 Compound             :       h2o n-undecan lacticaci
 Mole Fraction        :    0.0001    0.9999    0.0000

 Compound: 1  (h2o)
 Chemical potential of the compound in the mixture :         7.97864 kcal/mol
 Log10(partial pressure [mbar])                    :         4.79011
 Free energy of molecule in mix (E_COSMO+dE+Mu)    :    -47985.27463 kcal/mol
 Total mean interaction energy in the mix (H_int)  :         0.66955 kcal/mol
 Misfit interaction energy in the mix (H_MF)       :         2.42564 kcal/mol
 H-Bond interaction energy in the mix (H_HB)       :        -0.01221 kcal/mol
 VdW interaction energy in the mix (H_vdW)         :        -4.67593 kcal/mol
 Gas liquid transition energy in the mix (H_glt)   :         2.93205 kcal/mol
 Equilibrium constant Kx(1,2)                      :      6291.38111
 Equilibrium concentration x_k(1,2)                :         0.99984

 Compound: 2  (n-undecane)
 Chemical potential of the compound in the mixture :        -3.82381 kcal/mol
 Log10(partial pressure [mbar])                    :        -0.30631
 Free energy of molecule in mix (E_COSMO+dE+Mu)    :   -272247.11638 kcal/mol
 Total mean interaction energy in the mix (H_int)  :       -12.05518 kcal/mol
 Misfit interaction energy in the mix (H_MF)       :         0.91750 kcal/mol
 H-Bond interaction energy in the mix (H_HB)       :         0.00000 kcal/mol
 VdW interaction energy in the mix (H_vdW)         :       -30.19572 kcal/mol
 Gas liquid transition energy in the mix (H_glt)   :        16.95451 kcal/mol
 Equilibrium constant Kx(1,2)                      :  5.46328220E-09
 Equilibrium concentration x_k(1,2)                :         0.00000

 Compound: 3  (lacticacid)
 Chemical potential of the compound in the mixture :         8.30368 kcal/mol
 Log10(partial pressure [mbar])                    :         1.84232
 Free energy of molecule in mix (E_COSMO+dE+Mu)    :   -215740.37646 kcal/mol
 Total mean interaction energy in the mix (H_int)  :        -1.51952 kcal/mol
 Misfit interaction energy in the mix (H_MF)       :         3.56237 kcal/mol
 H-Bond interaction energy in the mix (H_HB)       :        -0.13101 kcal/mol
 VdW interaction energy in the mix (H_vdW)         :       -14.17283 kcal/mol
 Gas liquid transition energy in the mix (H_glt)   :         8.25184 kcal/mol
 Equilibrium constant Kx(1,2)                      :      3234.01665
 Equilibrium concentration x_k(1,2)                :         0.99969



 Compound: 1 Conformer: 1 (h2o_c0)
 Chemical potential of the molecule in the mixture :         7.97864 kcal/mol
 Log10(partial pressure [mbar])                    :         4.79011
 Free energy of molecule in mix (E_COSMO+dE+Mu)    :    -47985.27463 kcal/mol
 Total mean interaction energy in the mix          :         0.66955 kcal/mol
 Misfit interaction energy in the mix              :         2.42564 kcal/mol
 H-Bond interaction energy in the mix              :        -0.01221 kcal/mol
 VdW interaction energy in the mix                 :        -4.67593 kcal/mol
 Gas liquid transition energy in the mix (H_glt)   :         2.93205 kcal/mol
 Normalized weight factor of molecule in compound  :         1.00000
 Normalized weight factor of molecule in gas phase :         1.00000

 Compound: 2 Conformer: 1 (n-undecane_c0)
 Chemical potential of the molecule in the mixture :        -3.61130 kcal/mol
 Log10(partial pressure [mbar])                    :        -0.43866
 Free energy of molecule in mix (E_COSMO+dE+Mu)    :   -272246.90387 kcal/mol
 Total mean interaction energy in the mix          :       -12.46712 kcal/mol
 Misfit interaction energy in the mix              :         0.92418 kcal/mol
 H-Bond interaction energy in the mix              :         0.00000 kcal/mol
 VdW interaction energy in the mix                 :       -30.34581 kcal/mol
 Gas liquid transition energy in the mix (H_glt)   :        16.95451 kcal/mol
 Normalized weight factor of molecule in compound  :         0.69433
 Normalized weight factor of molecule in gas phase :         0.51194

 Compound: 2 Conformer: 2 (n-undecane_c1)
 Chemical potential of the molecule in the mixture :        -3.16852 kcal/mol
 Log10(partial pressure [mbar])                    :        -0.08097
 Free energy of molecule in mix (E_COSMO+dE+Mu)    :   -272245.65912 kcal/mol
 Total mean interaction energy in the mix          :       -11.96039 kcal/mol
 Misfit interaction energy in the mix              :         0.90530 kcal/mol
 H-Bond interaction energy in the mix              :         0.00000 kcal/mol
 VdW interaction energy in the mix                 :       -29.82020 kcal/mol
 Gas liquid transition energy in the mix (H_glt)   :        16.95451 kcal/mol
 Normalized weight factor of molecule in compound  :         0.08196
 Normalized weight factor of molecule in gas phase :         0.13654

 Compound: 2 Conformer: 3 (n-undecane_c2)
 Chemical potential of the molecule in the mixture :        -3.13579 kcal/mol
 Log10(partial pressure [mbar])                    :        -0.05810
 Free energy of molecule in mix (E_COSMO+dE+Mu)    :   -272245.66019 kcal/mol
 Total mean interaction energy in the mix          :       -11.93300 kcal/mol
 Misfit interaction energy in the mix              :         0.90342 kcal/mol
 H-Bond interaction energy in the mix              :         0.00000 kcal/mol
 VdW interaction energy in the mix                 :       -29.79093 kcal/mol
 Gas liquid transition energy in the mix (H_glt)   :        16.95451 kcal/mol
 Normalized weight factor of molecule in compound  :         0.08211
 Normalized weight factor of molecule in gas phase :         0.14471

 Compound: 2 Conformer: 4 (n-undecane_c3)
 Chemical potential of the molecule in the mixture :        -3.25655 kcal/mol
 Log10(partial pressure [mbar])                    :        -0.13109
 Free energy of molecule in mix (E_COSMO+dE+Mu)    :   -272245.60310 kcal/mol
 Total mean interaction energy in the mix          :       -12.04859 kcal/mol
 Misfit interaction energy in the mix              :         0.90039 kcal/mol
 H-Bond interaction energy in the mix              :         0.00000 kcal/mol
 VdW interaction energy in the mix                 :       -29.90350 kcal/mol
 Gas liquid transition energy in the mix (H_glt)   :        16.95451 kcal/mol
 Normalized weight factor of molecule in compound  :         0.07444
 Normalized weight factor of molecule in gas phase :         0.11134

 Compound: 2 Conformer: 5 (n-undecane_c4)
 Chemical potential of the molecule in the mixture :        -3.28242 kcal/mol
 Log10(partial pressure [mbar])                    :        -0.15351
 Free energy of molecule in mix (E_COSMO+dE+Mu)    :   -272245.54306 kcal/mol
 Total mean interaction energy in the mix          :       -12.06706 kcal/mol
 Misfit interaction energy in the mix              :         0.89952 kcal/mol
 H-Bond interaction energy in the mix              :         0.00000 kcal/mol
 VdW interaction energy in the mix                 :       -29.92110 kcal/mol
 Gas liquid transition energy in the mix (H_glt)   :        16.95451 kcal/mol
 Normalized weight factor of molecule in compound  :         0.06715
 Normalized weight factor of molecule in gas phase :         0.09547

 Compound: 3 Conformer: 1 (lacticacid_c0)
 Chemical potential of the molecule in the mixture :         9.84257 kcal/mol
 Log10(partial pressure [mbar])                    :         1.74893
 Free energy of molecule in mix (E_COSMO+dE+Mu)    :   -215738.83757 kcal/mol
 Total mean interaction energy in the mix          :        -1.29502 kcal/mol
 Misfit interaction energy in the mix              :         4.63704 kcal/mol
 H-Bond interaction energy in the mix              :        -0.03556 kcal/mol
 VdW interaction energy in the mix                 :       -14.14834 kcal/mol
 Gas liquid transition energy in the mix (H_glt)   :         8.25184 kcal/mol
 Normalized weight factor of molecule in compound  :         0.07124
 Normalized weight factor of molecule in gas phase :         0.00476

 Compound: 3 Conformer: 2 (lacticacid_c1)
 Chemical potential of the molecule in the mixture :         9.55850 kcal/mol
 Log10(partial pressure [mbar])                    :         1.95418
 Free energy of molecule in mix (E_COSMO+dE+Mu)    :   -215738.94015 kcal/mol
 Total mean interaction energy in the mix          :        -1.38202 kcal/mol
 Misfit interaction energy in the mix              :         4.51828 kcal/mol
 H-Bond interaction energy in the mix              :        -0.03130 kcal/mol
 VdW interaction energy in the mix                 :       -14.12084 kcal/mol
 Gas liquid transition energy in the mix (H_glt)   :         8.25184 kcal/mol
 Normalized weight factor of molecule in compound  :         0.08496
 Normalized weight factor of molecule in gas phase :         0.00936

 Compound: 3 Conformer: 3 (lacticacid_c2)
 Chemical potential of the molecule in the mixture :         7.35198 kcal/mol
 Log10(partial pressure [mbar])                    :         2.41988
 Free energy of molecule in mix (E_COSMO+dE+Mu)    :   -215740.25448 kcal/mol
 Total mean interaction energy in the mix          :        -2.73650 kcal/mol
 Misfit interaction energy in the mix              :         3.34235 kcal/mol
 H-Bond interaction energy in the mix              :        -0.15120 kcal/mol
 VdW interaction energy in the mix                 :       -14.17949 kcal/mol
 Gas liquid transition energy in the mix (H_glt)   :         8.25184 kcal/mol
 Normalized weight factor of molecule in compound  :         0.81108
 Normalized weight factor of molecule in gas phase :         0.94961

 Compound: 3 Conformer: 4 (lacticacid_c3)
 Chemical potential of the molecule in the mixture :         8.19568 kcal/mol
 Log10(partial pressure [mbar])                    :         1.94150
 Free energy of molecule in mix (E_COSMO+dE+Mu)    :   -215737.98975 kcal/mol
 Total mean interaction energy in the mix          :        -1.87085 kcal/mol
 Misfit interaction energy in the mix              :         4.15473 kcal/mol
 H-Bond interaction energy in the mix              :        -0.09679 kcal/mol
 VdW interaction energy in the mix                 :       -14.18063 kcal/mol
 Gas liquid transition energy in the mix (H_glt)   :         8.25184 kcal/mol
 Normalized weight factor of molecule in compound  :         0.01662
 Normalized weight factor of molecule in gas phase :         0.02089

 Compound: 3 Conformer: 5 (lacticacid_c4)
 Chemical potential of the molecule in the mixture :         9.17659 kcal/mol
 Log10(partial pressure [mbar])                    :         1.00554
 Free energy of molecule in mix (E_COSMO+dE+Mu)    :   -215736.92224 kcal/mol
 Total mean interaction energy in the mix          :        -1.28399 kcal/mol
 Misfit interaction energy in the mix              :         4.78907 kcal/mol
 H-Bond interaction energy in the mix              :        -0.09634 kcal/mol
 VdW interaction energy in the mix                 :       -14.22857 kcal/mol
 Gas liquid transition energy in the mix (H_glt)   :         8.25184 kcal/mol
 Normalized weight factor of molecule in compound  :         0.00266
 Normalized weight factor of molecule in gas phase :         0.00039

 Compound: 3 Conformer: 6 (lacticacid_c5)
 Chemical potential of the molecule in the mixture :         8.16977 kcal/mol
 Log10(partial pressure [mbar])                    :         1.89051
 Free energy of molecule in mix (E_COSMO+dE+Mu)    :   -215737.86569 kcal/mol
 Total mean interaction energy in the mix          :        -1.92955 kcal/mol
 Misfit interaction energy in the mix              :         4.12540 kcal/mol
 H-Bond interaction energy in the mix              :        -0.09779 kcal/mol
 VdW interaction energy in the mix                 :       -14.20899 kcal/mol
 Gas liquid transition energy in the mix (H_glt)   :         8.25184 kcal/mol
 Normalized weight factor of molecule in compound  :         0.01343
 Normalized weight factor of molecule in gas phase :         0.01500




 Results for mixture 5 - LIQ_EX Phase 1 Iteration    2
 ---------------------
 Temperature          :    293.150 K
 Compound Nr.         :         1         2         3
 Compound             :       h2o n-undecan lacticaci
 Mole Fraction        :    0.9959    0.0000    0.0041

 Compound: 1  (h2o)
 Chemical potential of the compound in the mixture :         2.88312 kcal/mol
 Log10(partial pressure [mbar])                    :         0.99136
 Free energy of molecule in mix (E_COSMO+dE+Mu)    :    -47990.37015 kcal/mol
 Total mean interaction energy in the mix (H_int)  :        -5.86214 kcal/mol
 Misfit interaction energy in the mix (H_MF)       :         0.54834 kcal/mol
 H-Bond interaction energy in the mix (H_HB)       :        -4.97523 kcal/mol
 VdW interaction energy in the mix (H_vdW)         :        -4.36730 kcal/mol
 Gas liquid transition energy in the mix (H_glt)   :         2.93205 kcal/mol

 Compound: 2  (n-undecane)
 Chemical potential of the compound in the mixture :         7.25931 kcal/mol
 Log10(partial pressure [mbar])                    :         7.95624
 Free energy of molecule in mix (E_COSMO+dE+Mu)    :   -272236.03326 kcal/mol
 Total mean interaction energy in the mix (H_int)  :        -8.34228 kcal/mol
 Misfit interaction energy in the mix (H_MF)       :         3.69101 kcal/mol
 H-Bond interaction energy in the mix (H_HB)       :         0.00000 kcal/mol
 VdW interaction energy in the mix (H_vdW)         :       -29.32214 kcal/mol
 Gas liquid transition energy in the mix (H_glt)   :        16.95451 kcal/mol

 Compound: 3  (lacticacid)
 Chemical potential of the compound in the mixture :         3.59583 kcal/mol
 Log10(partial pressure [mbar])                    :        -1.66742
 Free energy of molecule in mix (E_COSMO+dE+Mu)    :   -215745.08431 kcal/mol
 Total mean interaction energy in the mix (H_int)  :        -8.51295 kcal/mol
 Misfit interaction energy in the mix (H_MF)       :         1.78621 kcal/mol
 H-Bond interaction energy in the mix (H_HB)       :        -7.43497 kcal/mol
 VdW interaction energy in the mix (H_vdW)         :       -13.39011 kcal/mol
 Gas liquid transition energy in the mix (H_glt)   :         8.25184 kcal/mol



 Compound: 1 Conformer: 1 (h2o_c0)
 Chemical potential of the molecule in the mixture :         2.88312 kcal/mol
 Log10(partial pressure [mbar])                    :         0.99136
 Free energy of molecule in mix (E_COSMO+dE+Mu)    :    -47990.37015 kcal/mol
 Total mean interaction energy in the mix          :        -5.86214 kcal/mol
 Misfit interaction energy in the mix              :         0.54834 kcal/mol
 H-Bond interaction energy in the mix              :        -4.97523 kcal/mol
 VdW interaction energy in the mix                 :        -4.36730 kcal/mol
 Gas liquid transition energy in the mix (H_glt)   :         2.93205 kcal/mol
 Normalized weight factor of molecule in compound  :         1.00000
 Normalized weight factor of molecule in gas phase :         1.00000

 Compound: 2 Conformer: 1 (n-undecane_c0)
 Chemical potential of the molecule in the mixture :         7.54040 kcal/mol
 Log10(partial pressure [mbar])                    :         7.87502
 Free energy of molecule in mix (E_COSMO+dE+Mu)    :   -272235.75217 kcal/mol
 Total mean interaction energy in the mix          :        -8.81888 kcal/mol
 Misfit interaction energy in the mix              :         3.73469 kcal/mol
 H-Bond interaction energy in the mix              :         0.00000 kcal/mol
 VdW interaction energy in the mix                 :       -29.50808 kcal/mol
 Gas liquid transition energy in the mix (H_glt)   :        16.95451 kcal/mol
 Normalized weight factor of molecule in compound  :         0.61723
 Normalized weight factor of molecule in gas phase :         0.51194

 Compound: 2 Conformer: 2 (n-undecane_c1)
 Chemical potential of the molecule in the mixture :         7.75126 kcal/mol
 Log10(partial pressure [mbar])                    :         8.05980
 Free energy of molecule in mix (E_COSMO+dE+Mu)    :   -272234.73934 kcal/mol
 Total mean interaction energy in the mix          :        -8.45221 kcal/mol
 Misfit interaction energy in the mix              :         3.58482 kcal/mol
 H-Bond interaction energy in the mix              :         0.00000 kcal/mol
 VdW interaction energy in the mix                 :       -28.99154 kcal/mol
 Gas liquid transition energy in the mix (H_glt)   :        16.95451 kcal/mol
 Normalized weight factor of molecule in compound  :         0.10849
 Normalized weight factor of molecule in gas phase :         0.13654

 Compound: 2 Conformer: 3 (n-undecane_c2)
 Chemical potential of the molecule in the mixture :         7.79355 kcal/mol
 Log10(partial pressure [mbar])                    :         8.08981
 Free energy of molecule in mix (E_COSMO+dE+Mu)    :   -272234.73085 kcal/mol
 Total mean interaction energy in the mix          :        -8.39656 kcal/mol
 Misfit interaction energy in the mix              :         3.61197 kcal/mol
 H-Bond interaction energy in the mix              :         0.00000 kcal/mol
 VdW interaction energy in the mix                 :       -28.96304 kcal/mol
 Gas liquid transition energy in the mix (H_glt)   :        16.95451 kcal/mol
 Normalized weight factor of molecule in compound  :         0.10691
 Normalized weight factor of molecule in gas phase :         0.14471

 Compound: 2 Conformer: 4 (n-undecane_c3)
 Chemical potential of the molecule in the mixture :         7.73314 kcal/mol
 Log10(partial pressure [mbar])                    :         8.06181
 Free energy of molecule in mix (E_COSMO+dE+Mu)    :   -272234.61341 kcal/mol
 Total mean interaction energy in the mix          :        -8.44294 kcal/mol
 Misfit interaction energy in the mix              :         3.67523 kcal/mol
 H-Bond interaction energy in the mix              :         0.00000 kcal/mol
 VdW interaction energy in the mix                 :       -29.07268 kcal/mol
 Gas liquid transition energy in the mix (H_glt)   :        16.95451 kcal/mol
 Normalized weight factor of molecule in compound  :         0.08740
 Normalized weight factor of molecule in gas phase :         0.11134

 Compound: 2 Conformer: 5 (n-undecane_c4)
 Chemical potential of the molecule in the mixture :         7.69890 kcal/mol
 Log10(partial pressure [mbar])                    :         8.03314
 Free energy of molecule in mix (E_COSMO+dE+Mu)    :   -272234.56174 kcal/mol
 Total mean interaction energy in the mix          :        -8.51287 kcal/mol
 Misfit interaction energy in the mix              :         3.62090 kcal/mol
 H-Bond interaction energy in the mix              :         0.00000 kcal/mol
 VdW interaction energy in the mix                 :       -29.08828 kcal/mol
 Gas liquid transition energy in the mix (H_glt)   :        16.95451 kcal/mol
 Normalized weight factor of molecule in compound  :         0.07998
 Normalized weight factor of molecule in gas phase :         0.09547

 Compound: 3 Conformer: 1 (lacticacid_c0)
 Chemical potential of the molecule in the mixture :         5.53149 kcal/mol
 Log10(partial pressure [mbar])                    :        -1.46501
 Free energy of molecule in mix (E_COSMO+dE+Mu)    :   -215743.14865 kcal/mol
 Total mean interaction energy in the mix          :        -7.84629 kcal/mol
 Misfit interaction energy in the mix              :         1.82292 kcal/mol
 H-Bond interaction energy in the mix              :        -4.58127 kcal/mol
 VdW interaction energy in the mix                 :       -13.33978 kcal/mol
 Gas liquid transition energy in the mix (H_glt)   :         8.25184 kcal/mol
 Normalized weight factor of molecule in compound  :         0.03605
 Normalized weight factor of molecule in gas phase :         0.00476

 Compound: 3 Conformer: 2 (lacticacid_c1)
 Chemical potential of the molecule in the mixture :         5.68713 kcal/mol
 Log10(partial pressure [mbar])                    :        -0.93196
 Free energy of molecule in mix (E_COSMO+dE+Mu)    :   -215742.81152 kcal/mol
 Total mean interaction energy in the mix          :        -7.38048 kcal/mol
 Misfit interaction energy in the mix              :         1.94454 kcal/mol
 H-Bond interaction energy in the mix              :        -4.25857 kcal/mol
 VdW interaction energy in the mix                 :       -13.31829 kcal/mol
 Gas liquid transition energy in the mix (H_glt)   :         8.25184 kcal/mol
 Normalized weight factor of molecule in compound  :         0.02021
 Normalized weight factor of molecule in gas phase :         0.00936

 Compound: 3 Conformer: 3 (lacticacid_c2)
 Chemical potential of the molecule in the mixture :         3.83327 kcal/mol
 Log10(partial pressure [mbar])                    :        -0.20335
 Free energy of molecule in mix (E_COSMO+dE+Mu)    :   -215743.77319 kcal/mol
 Total mean interaction energy in the mix          :        -8.50260 kcal/mol
 Misfit interaction energy in the mix              :         1.86509 kcal/mol
 H-Bond interaction energy in the mix              :        -5.21507 kcal/mol
 VdW interaction energy in the mix                 :       -13.40446 kcal/mol
 Gas liquid transition energy in the mix (H_glt)   :         8.25184 kcal/mol
 Normalized weight factor of molecule in compound  :         0.10533
 Normalized weight factor of molecule in gas phase :         0.94961

 Compound: 3 Conformer: 4 (lacticacid_c3)
 Chemical potential of the molecule in the mixture :         2.03000 kcal/mol
 Log10(partial pressure [mbar])                    :        -2.65507
 Free energy of molecule in mix (E_COSMO+dE+Mu)    :   -215744.15543 kcal/mol
 Total mean interaction energy in the mix          :       -10.72524 kcal/mol
 Misfit interaction energy in the mix              :         1.78868 kcal/mol
 H-Bond interaction energy in the mix              :        -7.38901 kcal/mol
 VdW interaction energy in the mix                 :       -13.37676 kcal/mol
 Gas liquid transition energy in the mix (H_glt)   :         8.25184 kcal/mol
 Normalized weight factor of molecule in compound  :         0.20301
 Normalized weight factor of molecule in gas phase :         0.02089

 Compound: 3 Conformer: 5 (lacticacid_c4)
 Chemical potential of the molecule in the mixture :         1.45893 kcal/mol
 Log10(partial pressure [mbar])                    :        -4.74803
 Free energy of molecule in mix (E_COSMO+dE+Mu)    :   -215744.63990 kcal/mol
 Total mean interaction energy in the mix          :       -11.69801 kcal/mol
 Misfit interaction energy in the mix              :         1.76644 kcal/mol
 H-Bond interaction energy in the mix              :        -8.31964 kcal/mol
 VdW interaction energy in the mix                 :       -13.39665 kcal/mol
 Gas liquid transition energy in the mix (H_glt)   :         8.25184 kcal/mol
 Normalized weight factor of molecule in compound  :         0.46632
 Normalized weight factor of molecule in gas phase :         0.00039

 Compound: 3 Conformer: 6 (lacticacid_c5)
 Chemical potential of the molecule in the mixture :         1.98657 kcal/mol
 Log10(partial pressure [mbar])                    :        -2.71911
 Free energy of molecule in mix (E_COSMO+dE+Mu)    :   -215744.04889 kcal/mol
 Total mean interaction energy in the mix          :       -10.80607 kcal/mol
 Misfit interaction energy in the mix              :         1.76190 kcal/mol
 H-Bond interaction energy in the mix              :        -7.42132 kcal/mol
 VdW interaction energy in the mix                 :       -13.39849 kcal/mol
 Gas liquid transition energy in the mix (H_glt)   :         8.25184 kcal/mol
 Normalized weight factor of molecule in compound  :         0.16908
 Normalized weight factor of molecule in gas phase :         0.01500




 Results for mixture 6 - LIQ_EX Phase 2 Iteration    2
 ---------------------
 Temperature          :    293.150 K
 Compound Nr.         :         1         2         3
 Compound             :       h2o n-undecan lacticaci
 Mole Fraction        :    0.0002    0.9998    0.0000

 Compound: 1  (h2o)
 Chemical potential of the compound in the mixture :         7.96698 kcal/mol
 Log10(partial pressure [mbar])                    :         4.78141
 Free energy of molecule in mix (E_COSMO+dE+Mu)    :    -47985.28630 kcal/mol
 Total mean interaction energy in the mix (H_int)  :         0.65559 kcal/mol
 Misfit interaction energy in the mix (H_MF)       :         2.41697 kcal/mol
 H-Bond interaction energy in the mix (H_HB)       :        -0.01775 kcal/mol
 VdW interaction energy in the mix (H_vdW)         :        -4.67569 kcal/mol
 Gas liquid transition energy in the mix (H_glt)   :         2.93205 kcal/mol
 Equilibrium constant Kx(1,2)                      :      6166.68460
 Equilibrium concentration x_k(1,2)                :         0.99984

 Compound: 2  (n-undecane)
 Chemical potential of the compound in the mixture :        -3.82381 kcal/mol
 Log10(partial pressure [mbar])                    :        -0.30630
 Free energy of molecule in mix (E_COSMO+dE+Mu)    :   -272247.11638 kcal/mol
 Total mean interaction energy in the mix (H_int)  :       -12.05505 kcal/mol
 Misfit interaction energy in the mix (H_MF)       :         0.91761 kcal/mol
 H-Bond interaction energy in the mix (H_HB)       :         0.00000 kcal/mol
 VdW interaction energy in the mix (H_vdW)         :       -30.19571 kcal/mol
 Gas liquid transition energy in the mix (H_glt)   :        16.95451 kcal/mol
 Equilibrium constant Kx(1,2)                      :  5.46324424E-09
 Equilibrium concentration x_k(1,2)                :         0.00000

 Compound: 3  (lacticacid)
 Chemical potential of the compound in the mixture :         8.27849 kcal/mol
 Log10(partial pressure [mbar])                    :         1.82354
 Free energy of molecule in mix (E_COSMO+dE+Mu)    :   -215740.40165 kcal/mol
 Total mean interaction energy in the mix (H_int)  :        -1.59815 kcal/mol
 Misfit interaction energy in the mix (H_MF)       :         3.53669 kcal/mol
 H-Bond interaction energy in the mix (H_HB)       :        -0.18458 kcal/mol
 VdW interaction energy in the mix (H_vdW)         :       -14.17113 kcal/mol
 Gas liquid transition energy in the mix (H_glt)   :         8.25184 kcal/mol
 Equilibrium constant Kx(1,2)                      :      3097.12194
 Equilibrium concentration x_k(1,2)                :         0.99968



 Compound: 1 Conformer: 1 (h2o_c0)
 Chemical potential of the molecule in the mixture :         7.96698 kcal/mol
 Log10(partial pressure [mbar])                    :         4.78141
 Free energy of molecule in mix (E_COSMO+dE+Mu)    :    -47985.28630 kcal/mol
 Total mean interaction energy in the mix          :         0.65559 kcal/mol
 Misfit interaction energy in the mix              :         2.41697 kcal/mol
 H-Bond interaction energy in the mix              :        -0.01775 kcal/mol
 VdW interaction energy in the mix                 :        -4.67569 kcal/mol
 Gas liquid transition energy in the mix (H_glt)   :         2.93205 kcal/mol
 Normalized weight factor of molecule in compound  :         1.00000
 Normalized weight factor of molecule in gas phase :         1.00000

 Compound: 2 Conformer: 1 (n-undecane_c0)
 Chemical potential of the molecule in the mixture :        -3.61130 kcal/mol
 Log10(partial pressure [mbar])                    :        -0.43866
 Free energy of molecule in mix (E_COSMO+dE+Mu)    :   -272246.90387 kcal/mol
 Total mean interaction energy in the mix          :       -12.46699 kcal/mol
 Misfit interaction energy in the mix              :         0.92429 kcal/mol
 H-Bond interaction energy in the mix              :         0.00000 kcal/mol
 VdW interaction energy in the mix                 :       -30.34580 kcal/mol
 Gas liquid transition energy in the mix (H_glt)   :        16.95451 kcal/mol
 Normalized weight factor of molecule in compound  :         0.69433
 Normalized weight factor of molecule in gas phase :         0.51194

 Compound: 2 Conformer: 2 (n-undecane_c1)
 Chemical potential of the molecule in the mixture :        -3.16852 kcal/mol
 Log10(partial pressure [mbar])                    :        -0.08097
 Free energy of molecule in mix (E_COSMO+dE+Mu)    :   -272245.65912 kcal/mol
 Total mean interaction energy in the mix          :       -11.96026 kcal/mol
 Misfit interaction energy in the mix              :         0.90541 kcal/mol
 H-Bond interaction energy in the mix              :         0.00000 kcal/mol
 VdW interaction energy in the mix                 :       -29.82018 kcal/mol
 Gas liquid transition energy in the mix (H_glt)   :        16.95451 kcal/mol
 Normalized weight factor of molecule in compound  :         0.08196
 Normalized weight factor of molecule in gas phase :         0.13654

 Compound: 2 Conformer: 3 (n-undecane_c2)
 Chemical potential of the molecule in the mixture :        -3.13579 kcal/mol
 Log10(partial pressure [mbar])                    :        -0.05810
 Free energy of molecule in mix (E_COSMO+dE+Mu)    :   -272245.66019 kcal/mol
 Total mean interaction energy in the mix          :       -11.93288 kcal/mol
 Misfit interaction energy in the mix              :         0.90352 kcal/mol
 H-Bond interaction energy in the mix              :         0.00000 kcal/mol
 VdW interaction energy in the mix                 :       -29.79092 kcal/mol
 Gas liquid transition energy in the mix (H_glt)   :        16.95451 kcal/mol
 Normalized weight factor of molecule in compound  :         0.08211
 Normalized weight factor of molecule in gas phase :         0.14471

 Compound: 2 Conformer: 4 (n-undecane_c3)
 Chemical potential of the molecule in the mixture :        -3.25655 kcal/mol
 Log10(partial pressure [mbar])                    :        -0.13109
 Free energy of molecule in mix (E_COSMO+dE+Mu)    :   -272245.60310 kcal/mol
 Total mean interaction energy in the mix          :       -12.04847 kcal/mol
 Misfit interaction energy in the mix              :         0.90050 kcal/mol
 H-Bond interaction energy in the mix              :         0.00000 kcal/mol
 VdW interaction energy in the mix                 :       -29.90348 kcal/mol
 Gas liquid transition energy in the mix (H_glt)   :        16.95451 kcal/mol
 Normalized weight factor of molecule in compound  :         0.07444
 Normalized weight factor of molecule in gas phase :         0.11134

 Compound: 2 Conformer: 5 (n-undecane_c4)
 Chemical potential of the molecule in the mixture :        -3.28242 kcal/mol
 Log10(partial pressure [mbar])                    :        -0.15351
 Free energy of molecule in mix (E_COSMO+dE+Mu)    :   -272245.54306 kcal/mol
 Total mean interaction energy in the mix          :       -12.06694 kcal/mol
 Misfit interaction energy in the mix              :         0.89963 kcal/mol
 H-Bond interaction energy in the mix              :         0.00000 kcal/mol
 VdW interaction energy in the mix                 :       -29.92108 kcal/mol
 Gas liquid transition energy in the mix (H_glt)   :        16.95451 kcal/mol
 Normalized weight factor of molecule in compound  :         0.06715
 Normalized weight factor of molecule in gas phase :         0.09547

 Compound: 3 Conformer: 1 (lacticacid_c0)
 Chemical potential of the molecule in the mixture :         9.81245 kcal/mol
 Log10(partial pressure [mbar])                    :         1.72648
 Free energy of molecule in mix (E_COSMO+dE+Mu)    :   -215738.86769 kcal/mol
 Total mean interaction energy in the mix          :        -1.34287 kcal/mol
 Misfit interaction energy in the mix              :         4.60427 kcal/mol
 H-Bond interaction energy in the mix              :        -0.05126 kcal/mol
 VdW interaction energy in the mix                 :       -14.14773 kcal/mol
 Gas liquid transition energy in the mix (H_glt)   :         8.25184 kcal/mol
 Normalized weight factor of molecule in compound  :         0.07185
 Normalized weight factor of molecule in gas phase :         0.00476

 Compound: 3 Conformer: 2 (lacticacid_c1)
 Chemical potential of the molecule in the mixture :         9.52974 kcal/mol
 Log10(partial pressure [mbar])                    :         1.93274
 Free energy of molecule in mix (E_COSMO+dE+Mu)    :   -215738.96891 kcal/mol
 Total mean interaction energy in the mix          :        -1.42566 kcal/mol
 Misfit interaction energy in the mix              :         4.48792 kcal/mol
 H-Bond interaction energy in the mix              :        -0.04513 kcal/mol
 VdW interaction energy in the mix                 :       -14.12030 kcal/mol
 Gas liquid transition energy in the mix (H_glt)   :         8.25184 kcal/mol
 Normalized weight factor of molecule in compound  :         0.08548
 Normalized weight factor of molecule in gas phase :         0.00936

 Compound: 3 Conformer: 3 (lacticacid_c2)
 Chemical potential of the molecule in the mixture :         7.32761 kcal/mol
 Log10(partial pressure [mbar])                    :         2.40171
 Free energy of molecule in mix (E_COSMO+dE+Mu)    :   -215740.27885 kcal/mol
 Total mean interaction energy in the mix          :        -2.82267 kcal/mol
 Misfit interaction energy in the mix              :         3.31608 kcal/mol
 H-Bond interaction energy in the mix              :        -0.21297 kcal/mol
 VdW interaction energy in the mix                 :       -14.17762 kcal/mol
 Gas liquid transition energy in the mix (H_glt)   :         8.25184 kcal/mol
 Normalized weight factor of molecule in compound  :         0.80994
 Normalized weight factor of molecule in gas phase :         0.94961

 Compound: 3 Conformer: 4 (lacticacid_c3)
 Chemical potential of the molecule in the mixture :         8.17100 kcal/mol
 Log10(partial pressure [mbar])                    :         1.92309
 Free energy of molecule in mix (E_COSMO+dE+Mu)    :   -215738.01443 kcal/mol
 Total mean interaction energy in the mix          :        -1.93840 kcal/mol
 Misfit interaction energy in the mix              :         4.12720 kcal/mol
 H-Bond interaction energy in the mix              :        -0.13819 kcal/mol
 VdW interaction energy in the mix                 :       -14.17924 kcal/mol
 Gas liquid transition energy in the mix (H_glt)   :         8.25184 kcal/mol
 Normalized weight factor of molecule in compound  :         0.01661
 Normalized weight factor of molecule in gas phase :         0.02089

 Compound: 3 Conformer: 5 (lacticacid_c4)
 Chemical potential of the molecule in the mixture :         9.13770 kcal/mol
 Log10(partial pressure [mbar])                    :         0.97656
 Free energy of molecule in mix (E_COSMO+dE+Mu)    :   -215736.96113 kcal/mol
 Total mean interaction energy in the mix          :        -1.36174 kcal/mol
 Misfit interaction energy in the mix              :         4.75148 kcal/mol
 H-Bond interaction energy in the mix              :        -0.13790 kcal/mol
 VdW interaction energy in the mix                 :       -14.22716 kcal/mol
 Gas liquid transition energy in the mix (H_glt)   :         8.25184 kcal/mol
 Normalized weight factor of molecule in compound  :         0.00272
 Normalized weight factor of molecule in gas phase :         0.00039

 Compound: 3 Conformer: 6 (lacticacid_c5)
 Chemical potential of the molecule in the mixture :         8.14596 kcal/mol
 Log10(partial pressure [mbar])                    :         1.87276
 Free energy of molecule in mix (E_COSMO+dE+Mu)    :   -215737.88950 kcal/mol
 Total mean interaction energy in the mix          :        -1.99549 kcal/mol
 Misfit interaction energy in the mix              :         4.09977 kcal/mol
 H-Bond interaction energy in the mix              :        -0.13950 kcal/mol
 VdW interaction energy in the mix                 :       -14.20760 kcal/mol
 Gas liquid transition energy in the mix (H_glt)   :         8.25184 kcal/mol
 Normalized weight factor of molecule in compound  :         0.01340
 Normalized weight factor of molecule in gas phase :         0.01500


 Iterative computation of Multi-Component-2-Phase-Equilibrium (LIQ_EX) converged !


----------------
 END job       1
----------------
