 -----------------------------------------
 COSMOtherm Version 19.0.0 (Revision 5259)
 -----------------------------------------
 written by Frank Eckert, Andreas Klamt, Larissa Koch, Selman Terzi
 Copyright (C) 1999-2018, COSMOlogic GmbH & Co. KG

 Job name   : !! Multi-Component-2-Phase-Equilibrium calculation                        
 Job date   : 04/14/2025
 Job time   : 16:04:58
 Hostname   : unknown
 OS type    : Windows_NT
 Executable : Windows 64-bit

 Reading COSMOtherm parameter file BP_TZVPD_FINE_19.ctd from directory C:/Program Files/COSMOlogic/COSMOthermX19/COSMOtherm/CTDATA-FILES/
 Info: # COSMOtherm parameter file ./BP_TZVPD_FINE_19.ctd for BP-TZVPD-FINE (BP-TZVP optimized) COSMO files                                                  

 Reading COSMOtherm license key license.txt from directory C:/Program Files/COSMOlogic/COSMOthermX19/licensefiles/

 COSMOtherm license key expiration date 12/03/2025
 COSMOtherm license key version 24
 Customer : 200000000035108
 ID       : LKO2613120

 License keys:
  product                   |    licensed version    | status
 ------------------------------------------------------------------------------ 
  COSMOtherm                |          24            | active
  TURBOMOLE                 |          21            | active
  COSMOquick                |          24            | active
  COSMOconf                 |          24            | active
  COSMOmic                  |          24            | active
  COSMObase                 |          24            | active
  COSMOperm                 |          24            | active
  COSMOplex                 |          24            | active
 ------------------------------------------------------------------------------ 
 
 Reading vapor pressure and property information for compound 1 from file V:\groups\COSMOTHERM-Datenbank\COSMObase-1901\BP-TZVPD-FINE/h/h2o.vap
 Reading COSMO information for compound 1 conformer 1 from file V:\groups\COSMOTHERM-Datenbank\COSMObase-1901\BP-TZVPD-FINE/h/h2o_c0.cosmo
 
 Reading vapor pressure and property information for compound 2 from file V:\groups\COSMOTHERM-Datenbank\COSMObase-1901\BP-TZVPD-FINE/h/hexane.vap
 Reading COSMO information for compound 2 conformer 1 from file V:\groups\COSMOTHERM-Datenbank\COSMObase-1901\BP-TZVPD-FINE/h/hexane_c0.cosmo
 
 Reading vapor pressure and property information for compound 3 from file V:\groups\COSMOTHERM-Datenbank\COSMObase-1901\BP-TZVPD-FINE/l/lacticacid.vap
 Reading COSMO information for compound 3 conformer 1 from file V:\groups\COSMOTHERM-Datenbank\COSMObase-1901\BP-TZVPD-FINE/l/lacticacid_c0.cosmo
 Reading COSMO information for compound 3 conformer 2 from file V:\groups\COSMOTHERM-Datenbank\COSMObase-1901\BP-TZVPD-FINE/l/lacticacid_c1.cosmo
 Reading COSMO information for compound 3 conformer 3 from file V:\groups\COSMOTHERM-Datenbank\COSMObase-1901\BP-TZVPD-FINE/l/lacticacid_c2.cosmo
 Reading COSMO information for compound 3 conformer 4 from file V:\groups\COSMOTHERM-Datenbank\COSMObase-1901\BP-TZVPD-FINE/l/lacticacid_c3.cosmo
 Reading COSMO information for compound 3 conformer 5 from file V:\groups\COSMOTHERM-Datenbank\COSMObase-1901\BP-TZVPD-FINE/l/lacticacid_c4.cosmo
 Reading COSMO information for compound 3 conformer 6 from file V:\groups\COSMOTHERM-Datenbank\COSMObase-1901\BP-TZVPD-FINE/l/lacticacid_c5.cosmo


 --- Compound 1 (h2o) ---

 Experimental data for compound 1 (h2o) :
 CAS registry number for compound 1 (CAS-RN = 7732-18-5)
 Antoine equation coefficients ([mbar]/[K]) for compound 1:        18.8198      3956.2903       -40.6247
 Wagner equation coefficients ([mbar]/[K]) for compound 1:    220600.0000       647.1400        -7.7645         1.4584        -2.7758        -1.2330
 Vapor Pressure [mbar] / Temperature [°C] input for compound 1:
               10.0000            7.0000
              100.0000           45.8000
             1000.0000           99.6000
 Minimum temperature for vapor pressure estimation of compound 1 (TPVMIN = 275.00000 K)
 Maximum temperature for vapor pressure estimation of compound 1 (TPVMAX = 647.00000 K)
 UNIQUAC volume parameter for compound 1 (UNIQUAC_RI = 0.92000)
 UNIQUAC surface parameter for compound 1 (UNIQUAC_QI = 1.40000)
 Boiling temperature of compound 1 (TBOIL = 373.15000 K)
 Melting temperature of compound 1 (TMELT = 273.15000 K)
 Experimental dielectric constant for compound 1 (EPSILON = 78.20000)
 Critical temperature of compound 1 (TCRIT = 647.09600 K)
 Critical pressure of compound 1 (PCRIT = 220640.00000 mbar)
 Critical density of compound 1 (DCRIT = 0.32239 g/ml)
 DIPPR 116 density parameters for compound 1 (EXPDENSDIPPR116 = {0.92619 -1.15605 3.01718 -2.12561 273.16000 647.09500})

 Compound Information for compound 1 conformer 1 (COSMO file V:\groups\COSMOTHERM-Datenbank\COSMObase-1901\BP-TZVPD-FINE/h/h2o_c0.cosmo)
 Atomic weights         : 111
 E_COSMO+dE             :     -47993.2533 kcal/mol
 E_gas                  :     -47987.6758 kcal/mol
 E_COSMO-E_gas+dE       :         -5.5774 kcal/mol
 E_diel                 :         -8.0924 kcal/mol
 E_disp_intramolecular  :         -0.2880 kcal/mol
 Averaging corr dE      :          0.4368 kcal/mol
 Area                   :         43.1419 A^2
 Volume                 :         25.8553 A^3
 Molecular Weight       :         18.0153 a.m.u.
 Total COSMO charge     :         -0.0001 a.u.
 Dipole moment (t,x,y,z):          2.2004  0.001108  0.000271 -2.200437 Debye                            
 Sigma moments (1-6)    :          0.0000  6.40E+01  2.982917  1.35E+02  1.50E+01  3.17E+02              
 H-bond moment (accept) :          3.0054
 H-bond moment (donor)  :          2.9616
 
 No gas phase energy file for compound 1 conformer 1 found, using single point gas phase energy from cosmo file


 --- Compound 2 (hexane) ---

 Experimental data for compound 2 (hexane) :
 CAS registry number for compound 2 (CAS-RN = 110-54-3)
 Enthalpy of fusion for compound 2 (DHFUS = 3.12620 kcal/mol)
 Antoine equation coefficients ([mbar]/[K]) for compound 2:        16.5429      2907.9123       -39.6471
 Wagner equation coefficients ([mbar]/[K]) for compound 2:     30250.0000       507.6000        -7.4676         1.4421        -3.2822        -2.5094
 Vapor Pressure [mbar] / Temperature [°C] input for compound 2:
                0.1000          -79.2000
               10.0000          -29.3000
             1000.0000           68.3000
 Minimum temperature for vapor pressure estimation of compound 2 (TPVMIN = 220.00000 K)
 Maximum temperature for vapor pressure estimation of compound 2 (TPVMAX = 507.60000 K)
 UNIQUAC volume parameter for compound 2 (UNIQUAC_RI = 4.49980)
 UNIQUAC surface parameter for compound 2 (UNIQUAC_QI = 3.85600)
 Boiling temperature of compound 2 (TBOIL = 341.85000 K)
 Melting temperature of compound 2 (TMELT = 177.85000 K)
 Critical temperature of compound 2 (TCRIT = 507.43000 K)
 Critical pressure of compound 2 (PCRIT = 30120.00000 mbar)
 Critical density of compound 2 (DCRIT = 0.23290 g/ml)

 Compound Information for compound 2 conformer 1 (COSMO file V:\groups\COSMOTHERM-Datenbank\COSMObase-1901\BP-TZVPD-FINE/h/hexane_c0.cosmo)
 Atomic weights         : 11111111111111111111
 E_COSMO+dE             :    -148838.5159 kcal/mol
 E_gas                  :    -148837.8804 kcal/mol
 E_COSMO-E_gas+dE       :         -0.6355 kcal/mol
 E_diel                 :         -0.8134 kcal/mol
 E_disp_intramolecular  :        -13.2943 kcal/mol
 Averaging corr dE      :          0.1362 kcal/mol
 Area                   :        159.2522 A^2
 Volume                 :        147.6231 A^3
 Molecular Weight       :         86.1759 a.m.u.
 Total COSMO charge     :         -0.0003 a.u.
 Dipole moment (t,x,y,z):          0.0028 -0.001911  0.001954  0.000749 Debye                            
 Sigma moments (1-6)    :          0.0000  8.165688 -0.082731  0.761546 -0.018196  0.085473              
 H-bond moment (accept) :          0.0000
 H-bond moment (donor)  :          0.0000
 
 No gas phase energy file for compound 2 conformer 1 found, using single point gas phase energy from cosmo file


 --- Compound 3 (lacticacid) ---

 Compound Information for compound 3 conformer 1 (COSMO file V:\groups\COSMOTHERM-Datenbank\COSMObase-1901\BP-TZVPD-FINE/l/lacticacid_c0.cosmo)
 Atomic weights         : 111111111111
 E_COSMO+dE             :    -215748.6801 kcal/mol
 E_gas                  :    -215737.1594 kcal/mol
 E_COSMO-E_gas+dE       :        -11.5207 kcal/mol
 E_diel                 :        -14.9233 kcal/mol
 E_disp_intramolecular  :         -7.9216 kcal/mol
 Averaging corr dE      :          0.6215 kcal/mol
 Area                   :        120.1634 A^2
 Volume                 :        106.5048 A^3
 Molecular Weight       :         90.0783 a.m.u.
 Total COSMO charge     :          0.0003 a.u.
 Dipole moment (t,x,y,z):          5.6342 -4.962581 -1.954290  1.815876 Debye                            
 Sigma moments (1-6)    :          0.0000  9.26E+01 -4.184013  1.56E+02 -5.10E+01  3.43E+02              
 H-bond moment (accept) :          2.0855
 H-bond moment (donor)  :          2.8372
 
 No gas phase energy file for compound 3 conformer 1 found, using single point gas phase energy from cosmo file

 Compound Information for compound 3 conformer 2 (COSMO file V:\groups\COSMOTHERM-Datenbank\COSMObase-1901\BP-TZVPD-FINE/l/lacticacid_c1.cosmo)
 Atomic weights         : 111111111111
 E_COSMO+dE             :    -215748.4986 kcal/mol
 E_gas                  :    -215737.5373 kcal/mol
 E_COSMO-E_gas+dE       :        -10.9613 kcal/mol
 E_diel                 :        -14.1864 kcal/mol
 E_disp_intramolecular  :         -7.9782 kcal/mol
 Averaging corr dE      :          0.6372 kcal/mol
 Area                   :        119.5838 A^2
 Volume                 :        106.3744 A^3
 Molecular Weight       :         90.0783 a.m.u.
 Total COSMO charge     :          0.0003 a.u.
 Dipole moment (t,x,y,z):          5.6432 -4.887041  2.797840  0.367402 Debye                            
 Sigma moments (1-6)    :          0.0000  8.87E+01  1.972080  1.40E+02 -2.98E+01  2.93E+02              
 H-bond moment (accept) :          1.8771
 H-bond moment (donor)  :          2.4847
 
 No gas phase energy file for compound 3 conformer 2 found, using single point gas phase energy from cosmo file

 Compound Information for compound 3 conformer 3 (COSMO file V:\groups\COSMOTHERM-Datenbank\COSMObase-1901\BP-TZVPD-FINE/l/lacticacid_c2.cosmo)
 Atomic weights         : 111111111111
 E_COSMO+dE             :    -215747.6065 kcal/mol
 E_gas                  :    -215739.4763 kcal/mol
 E_COSMO-E_gas+dE       :         -8.1301 kcal/mol
 E_diel                 :        -10.2144 kcal/mol
 E_disp_intramolecular  :         -7.8101 kcal/mol
 Averaging corr dE      :          0.7457 kcal/mol
 Area                   :        120.2417 A^2
 Volume                 :        106.5759 A^3
 Molecular Weight       :         90.0783 a.m.u.
 Total COSMO charge     :          0.0004 a.u.
 Dipole moment (t,x,y,z):          3.4208 -2.782781 -1.975225 -0.237114 Debye                            
 Sigma moments (1-6)    :          0.0000  8.17E+01 -9.493434  1.52E+02 -8.52E+01  4.02E+02              
 H-bond moment (accept) :          2.0796
 H-bond moment (donor)  :          3.5488
 
 No gas phase energy file for compound 3 conformer 3 found, using single point gas phase energy from cosmo file

 Compound Information for compound 3 conformer 4 (COSMO file V:\groups\COSMOTHERM-Datenbank\COSMObase-1901\BP-TZVPD-FINE/l/lacticacid_c3.cosmo)
 Atomic weights         : 111111111111
 E_COSMO+dE             :    -215746.1854 kcal/mol
 E_gas                  :    -215736.5699 kcal/mol
 E_COSMO-E_gas+dE       :         -9.6155 kcal/mol
 E_diel                 :        -12.0403 kcal/mol
 E_disp_intramolecular  :         -7.8263 kcal/mol
 Averaging corr dE      :          0.7985 kcal/mol
 Area                   :        121.2359 A^2
 Volume                 :        107.7258 A^3
 Molecular Weight       :         90.0783 a.m.u.
 Total COSMO charge     :          0.0004 a.u.
 Dipole moment (t,x,y,z):          2.6808  0.687585  1.222652  2.284563 Debye                            
 Sigma moments (1-6)    :          0.0000  9.52E+01 -9.279924  1.79E+02 -8.57E+01  4.42E+02              
 H-bond moment (accept) :          2.4742
 H-bond moment (donor)  :          4.7099
 
 No gas phase energy file for compound 3 conformer 4 found, using single point gas phase energy from cosmo file

 Compound Information for compound 3 conformer 5 (COSMO file V:\groups\COSMOTHERM-Datenbank\COSMObase-1901\BP-TZVPD-FINE/l/lacticacid_c4.cosmo)
 Atomic weights         : 111111111111
 E_COSMO+dE             :    -215746.0988 kcal/mol
 E_gas                  :    -215734.2469 kcal/mol
 E_COSMO-E_gas+dE       :        -11.8519 kcal/mol
 E_diel                 :        -15.4923 kcal/mol
 E_disp_intramolecular  :         -7.7365 kcal/mol
 Averaging corr dE      :          0.7497 kcal/mol
 Area                   :        121.4869 A^2
 Volume                 :        107.5139 A^3
 Molecular Weight       :         90.0783 a.m.u.
 Total COSMO charge     :          0.0001 a.u.
 Dipole moment (t,x,y,z):          4.5492 -2.507745 -3.769835  0.441697 Debye                            
 Sigma moments (1-6)    :          0.0000  1.05E+02 -0.628692  2.13E+02 -4.53E+01  5.50E+02              
 H-bond moment (accept) :          3.9249
 H-bond moment (donor)  :          4.9729
 
 No gas phase energy file for compound 3 conformer 5 found, using single point gas phase energy from cosmo file

 Compound Information for compound 3 conformer 6 (COSMO file V:\groups\COSMOTHERM-Datenbank\COSMObase-1901\BP-TZVPD-FINE/l/lacticacid_c5.cosmo)
 Atomic weights         : 111111111111
 E_COSMO+dE             :    -215746.0355 kcal/mol
 E_gas                  :    -215736.3775 kcal/mol
 E_COSMO-E_gas+dE       :         -9.6580 kcal/mol
 E_diel                 :        -12.1366 kcal/mol
 E_disp_intramolecular  :         -7.7279 kcal/mol
 Averaging corr dE      :          0.8020 kcal/mol
 Area                   :        121.1546 A^2
 Volume                 :        107.2976 A^3
 Molecular Weight       :         90.0783 a.m.u.
 Total COSMO charge     :          0.0004 a.u.
 Dipole moment (t,x,y,z):          1.9935 -1.037490 -1.370029  1.010343 Debye                            
 Sigma moments (1-6)    :          0.0000  9.63E+01 -1.07E+01  1.83E+02 -8.84E+01  4.53E+02              
 H-bond moment (accept) :          2.5251
 H-bond moment (donor)  :          4.6396
 
 No gas phase energy file for compound 3 conformer 6 found, using single point gas phase energy from cosmo file


 Total number of processed compounds:    3
 Total number of processed molecules:    8


----------------
 START job     1
----------------

 ---------------------------------------------------------------------
 Multi-Component-2-Phase-Equilibrium (Liquid Extraction) calculation
 Initial phase 1: X1={0.996334 0 0.003666}
 Initial phase 2: X2={0 1}
 ---------------------------------------------------------------------



 Results for mixture 1 - LIQ_EX Phase 1 Iteration    0
 ---------------------
 Temperature          :    297.736 K
 Compound Nr.         :         1         2         3
 Compound             :       h2o    hexane lacticaci
 Mole Fraction        :    0.9963    0.0000    0.0037

 Compound: 1  (h2o)
 Chemical potential of the compound in the mixture :         3.01933 kcal/mol
 Log10(partial pressure [mbar])                    :         1.12228
 Free energy of molecule in mix (E_COSMO+dE+Mu)    :    -47990.23395 kcal/mol
 Total mean interaction energy in the mix (H_int)  :        -5.79035 kcal/mol
 Misfit interaction energy in the mix (H_MF)       :         0.55811 kcal/mol
 H-Bond interaction energy in the mix (H_HB)       :        -4.91938 kcal/mol
 VdW interaction energy in the mix (H_vdW)         :        -4.36113 kcal/mol
 Gas liquid transition energy in the mix (H_glt)   :         2.93205 kcal/mol

 Compound: 2  (hexane)
 Chemical potential of the compound in the mixture :         7.00628 kcal/mol
 Log10(partial pressure [mbar])                    :         7.67632
 Free energy of molecule in mix (E_COSMO+dE+Mu)    :   -148831.50965 kcal/mol
 Total mean interaction energy in the mix (H_int)  :        -5.30751 kcal/mol
 Misfit interaction energy in the mix (H_MF)       :         2.00290 kcal/mol
 H-Bond interaction energy in the mix (H_HB)       :         0.00000 kcal/mol
 VdW interaction energy in the mix (H_vdW)         :       -17.83397 kcal/mol
 Gas liquid transition energy in the mix (H_glt)   :        10.52357 kcal/mol

 Compound: 3  (lacticacid)
 Chemical potential of the compound in the mixture :         3.79974 kcal/mol
 Log10(partial pressure [mbar])                    :        -1.45170
 Free energy of molecule in mix (E_COSMO+dE+Mu)    :   -215744.88040 kcal/mol
 Total mean interaction energy in the mix (H_int)  :        -8.36668 kcal/mol
 Misfit interaction energy in the mix (H_MF)       :         1.83035 kcal/mol
 H-Bond interaction energy in the mix (H_HB)       :        -7.34200 kcal/mol
 VdW interaction energy in the mix (H_vdW)         :       -13.36643 kcal/mol
 Gas liquid transition energy in the mix (H_glt)   :         8.25184 kcal/mol



 Compound: 1 Conformer: 1 (h2o_c0)
 Chemical potential of the molecule in the mixture :         3.01933 kcal/mol
 Log10(partial pressure [mbar])                    :         1.12228
 Free energy of molecule in mix (E_COSMO+dE+Mu)    :    -47990.23395 kcal/mol
 Total mean interaction energy in the mix          :        -5.79035 kcal/mol
 Misfit interaction energy in the mix              :         0.55811 kcal/mol
 H-Bond interaction energy in the mix              :        -4.91938 kcal/mol
 VdW interaction energy in the mix                 :        -4.36113 kcal/mol
 Gas liquid transition energy in the mix (H_glt)   :         2.93205 kcal/mol
 Normalized weight factor of molecule in compound  :         1.00000
 Normalized weight factor of molecule in gas phase :         1.00000

 Compound: 2 Conformer: 1 (hexane_c0)
 Chemical potential of the molecule in the mixture :         7.00628 kcal/mol
 Log10(partial pressure [mbar])                    :         7.67632
 Free energy of molecule in mix (E_COSMO+dE+Mu)    :   -148831.50965 kcal/mol
 Total mean interaction energy in the mix          :        -5.30751 kcal/mol
 Misfit interaction energy in the mix              :         2.00290 kcal/mol
 H-Bond interaction energy in the mix              :         0.00000 kcal/mol
 VdW interaction energy in the mix                 :       -17.83397 kcal/mol
 Gas liquid transition energy in the mix (H_glt)   :        10.52357 kcal/mol
 Normalized weight factor of molecule in compound  :         1.00000
 Normalized weight factor of molecule in gas phase :         1.00000

 Compound: 3 Conformer: 1 (lacticacid_c0)
 Chemical potential of the molecule in the mixture :         5.73771 kcal/mol
 Log10(partial pressure [mbar])                    :        -1.24487
 Free energy of molecule in mix (E_COSMO+dE+Mu)    :   -215742.94243 kcal/mol
 Total mean interaction energy in the mix          :        -7.73636 kcal/mol
 Misfit interaction energy in the mix              :         1.86663 kcal/mol
 H-Bond interaction energy in the mix              :        -4.53893 kcal/mol
 VdW interaction energy in the mix                 :       -13.31591 kcal/mol
 Gas liquid transition energy in the mix (H_glt)   :         8.25184 kcal/mol
 Normalized weight factor of molecule in compound  :         0.03780
 Normalized weight factor of molecule in gas phase :         0.00504

 Compound: 3 Conformer: 2 (lacticacid_c1)
 Chemical potential of the molecule in the mixture :         5.88529 kcal/mol
 Log10(partial pressure [mbar])                    :        -0.72594
 Free energy of molecule in mix (E_COSMO+dE+Mu)    :   -215742.61336 kcal/mol
 Total mean interaction energy in the mix          :        -7.27684 kcal/mol
 Misfit interaction energy in the mix              :         1.98579 kcal/mol
 H-Bond interaction energy in the mix              :        -4.22042 kcal/mol
 VdW interaction energy in the mix                 :       -13.29405 kcal/mol
 Gas liquid transition energy in the mix (H_glt)   :         8.25184 kcal/mol
 Normalized weight factor of molecule in compound  :         0.02167
 Normalized weight factor of molecule in gas phase :         0.00981

 Compound: 3 Conformer: 3 (lacticacid_c2)
 Chemical potential of the molecule in the mixture :         4.03425 kcal/mol
 Log10(partial pressure [mbar])                    : -6.48383548E-03
 Free energy of molecule in mix (E_COSMO+dE+Mu)    :   -215743.57221 kcal/mol
 Total mean interaction energy in the mix          :        -8.39515 kcal/mol
 Misfit interaction energy in the mix              :         1.90890 kcal/mol
 H-Bond interaction energy in the mix              :        -5.17590 kcal/mol
 VdW interaction energy in the mix                 :       -13.37999 kcal/mol
 Gas liquid transition energy in the mix (H_glt)   :         8.25184 kcal/mol
 Normalized weight factor of molecule in compound  :         0.10959
 Normalized weight factor of molecule in gas phase :         0.94602

 Compound: 3 Conformer: 4 (lacticacid_c3)
 Chemical potential of the molecule in the mixture :         2.24210 kcal/mol
 Log10(partial pressure [mbar])                    :        -2.41228
 Free energy of molecule in mix (E_COSMO+dE+Mu)    :   -215743.94334 kcal/mol
 Total mean interaction energy in the mix          :       -10.59300 kcal/mol
 Misfit interaction energy in the mix              :         1.83175 kcal/mol
 H-Bond interaction energy in the mix              :        -7.32328 kcal/mol
 VdW interaction energy in the mix                 :       -13.35330 kcal/mol
 Gas liquid transition energy in the mix (H_glt)   :         8.25184 kcal/mol
 Normalized weight factor of molecule in compound  :         0.20520
 Normalized weight factor of molecule in gas phase :         0.02247

 Compound: 3 Conformer: 5 (lacticacid_c4)
 Chemical potential of the molecule in the mixture :         1.68443 kcal/mol
 Log10(partial pressure [mbar])                    :        -4.46317
 Free energy of molecule in mix (E_COSMO+dE+Mu)    :   -215744.41440 kcal/mol
 Total mean interaction energy in the mix          :       -11.56097 kcal/mol
 Misfit interaction energy in the mix              :         1.80970 kcal/mol
 H-Bond interaction energy in the mix              :        -8.24900 kcal/mol
 VdW interaction energy in the mix                 :       -13.37351 kcal/mol
 Gas liquid transition energy in the mix (H_glt)   :         8.25184 kcal/mol
 Normalized weight factor of molecule in compound  :         0.45493
 Normalized weight factor of molecule in gas phase :         0.00044

 Compound: 3 Conformer: 6 (lacticacid_c5)
 Chemical potential of the molecule in the mixture :         2.20067 kcal/mol
 Log10(partial pressure [mbar])                    :        -2.47387
 Free energy of molecule in mix (E_COSMO+dE+Mu)    :   -215743.83480 kcal/mol
 Total mean interaction energy in the mix          :       -10.67259 kcal/mol
 Misfit interaction energy in the mix              :         1.80550 kcal/mol
 H-Bond interaction energy in the mix              :        -7.35491 kcal/mol
 VdW interaction energy in the mix                 :       -13.37502 kcal/mol
 Gas liquid transition energy in the mix (H_glt)   :         8.25184 kcal/mol
 Normalized weight factor of molecule in compound  :         0.17081
 Normalized weight factor of molecule in gas phase :         0.01621




 Results for mixture 2 - LIQ_EX Phase 2 Iteration    0
 ---------------------
 Temperature          :    297.736 K
 Compound Nr.         :         1         2         3
 Compound             :       h2o    hexane lacticaci
 Mole Fraction        :    0.0000    1.0000    0.0000

 Compound: 1  (h2o)
 Chemical potential of the compound in the mixture :         8.36811 kcal/mol
 Log10(partial pressure [mbar])                    :         5.04842
 Free energy of molecule in mix (E_COSMO+dE+Mu)    :    -47984.88516 kcal/mol
 Total mean interaction energy in the mix (H_int)  :         0.99863 kcal/mol
 Misfit interaction energy in the mix (H_MF)       :         2.68265 kcal/mol
 H-Bond interaction energy in the mix (H_HB)       :         0.00000 kcal/mol
 VdW interaction energy in the mix (H_vdW)         :        -4.61608 kcal/mol
 Gas liquid transition energy in the mix (H_glt)   :         2.93205 kcal/mol
 Equilibrium constant Kx(1,2)                      :      8436.12577
 Equilibrium concentration x_k(1,2)                :         0.99988

 Compound: 2  (hexane)
 Chemical potential of the compound in the mixture :        -0.06931 kcal/mol
 Log10(partial pressure [mbar])                    :         2.48266
 Free energy of molecule in mix (E_COSMO+dE+Mu)    :   -148838.58525 kcal/mol
 Total mean interaction energy in the mix (H_int)  :        -7.03001 kcal/mol
 Misfit interaction energy in the mix (H_MF)       :         0.59675 kcal/mol
 H-Bond interaction energy in the mix (H_HB)       :         0.00000 kcal/mol
 VdW interaction energy in the mix (H_vdW)         :       -18.15032 kcal/mol
 Gas liquid transition energy in the mix (H_glt)   :        10.52357 kcal/mol
 Equilibrium constant Kx(1,2)                      :  6.40232239E-06
 Equilibrium concentration x_k(1,2)                :         0.00001

 Compound: 3  (lacticacid)
 Chemical potential of the compound in the mixture :         8.72483 kcal/mol
 Log10(partial pressure [mbar])                    :         2.16344
 Free energy of molecule in mix (E_COSMO+dE+Mu)    :   -215739.95532 kcal/mol
 Total mean interaction energy in the mix (H_int)  :        -0.92277 kcal/mol
 Misfit interaction energy in the mix (H_MF)       :         3.72763 kcal/mol
 H-Bond interaction energy in the mix (H_HB)       :         0.00000 kcal/mol
 VdW interaction energy in the mix (H_vdW)         :       -13.98245 kcal/mol
 Gas liquid transition energy in the mix (H_glt)   :         8.25184 kcal/mol
 Equilibrium constant Kx(1,2)                      :      4122.22681
 Equilibrium concentration x_k(1,2)                :         0.99976



 Compound: 1 Conformer: 1 (h2o_c0)
 Chemical potential of the molecule in the mixture :         8.36811 kcal/mol
 Log10(partial pressure [mbar])                    :         5.04842
 Free energy of molecule in mix (E_COSMO+dE+Mu)    :    -47984.88516 kcal/mol
 Total mean interaction energy in the mix          :         0.99863 kcal/mol
 Misfit interaction energy in the mix              :         2.68265 kcal/mol
 H-Bond interaction energy in the mix              :         0.00000 kcal/mol
 VdW interaction energy in the mix                 :        -4.61608 kcal/mol
 Gas liquid transition energy in the mix (H_glt)   :         2.93205 kcal/mol
 Normalized weight factor of molecule in compound  :         1.00000
 Normalized weight factor of molecule in gas phase :         1.00000

 Compound: 2 Conformer: 1 (hexane_c0)
 Chemical potential of the molecule in the mixture :        -0.06931 kcal/mol
 Log10(partial pressure [mbar])                    :         2.48266
 Free energy of molecule in mix (E_COSMO+dE+Mu)    :   -148838.58525 kcal/mol
 Total mean interaction energy in the mix          :        -7.03001 kcal/mol
 Misfit interaction energy in the mix              :         0.59675 kcal/mol
 H-Bond interaction energy in the mix              :         0.00000 kcal/mol
 VdW interaction energy in the mix                 :       -18.15032 kcal/mol
 Gas liquid transition energy in the mix (H_glt)   :        10.52357 kcal/mol
 Normalized weight factor of molecule in compound  :         1.00000
 Normalized weight factor of molecule in gas phase :         1.00000

 Compound: 3 Conformer: 1 (lacticacid_c0)
 Chemical potential of the molecule in the mixture :        10.76571 kcal/mol
 Log10(partial pressure [mbar])                    :         2.44581
 Free energy of molecule in mix (E_COSMO+dE+Mu)    :   -215737.91444 kcal/mol
 Total mean interaction energy in the mix          :        -0.30738 kcal/mol
 Misfit interaction energy in the mix              :         5.39261 kcal/mol
 H-Bond interaction energy in the mix              :         0.00000 kcal/mol
 VdW interaction energy in the mix                 :       -13.95183 kcal/mol
 Gas liquid transition energy in the mix (H_glt)   :         8.25184 kcal/mol
 Normalized weight factor of molecule in compound  :         0.03176
 Normalized weight factor of molecule in gas phase :         0.00504

 Compound: 3 Conformer: 2 (lacticacid_c1)
 Chemical potential of the molecule in the mixture :        10.34638 kcal/mol
 Log10(partial pressure [mbar])                    :         2.54861
 Free energy of molecule in mix (E_COSMO+dE+Mu)    :   -215738.15227 kcal/mol
 Total mean interaction energy in the mix          :        -0.53060 kcal/mol
 Misfit interaction energy in the mix              :         5.14106 kcal/mol
 H-Bond interaction energy in the mix              :         0.00000 kcal/mol
 VdW interaction energy in the mix                 :       -13.92350 kcal/mol
 Gas liquid transition energy in the mix (H_glt)   :         8.25184 kcal/mol
 Normalized weight factor of molecule in compound  :         0.04748
 Normalized weight factor of molecule in gas phase :         0.00981

 Compound: 3 Conformer: 3 (lacticacid_c2)
 Chemical potential of the molecule in the mixture :         7.73699 kcal/mol
 Log10(partial pressure [mbar])                    :         2.71142
 Free energy of molecule in mix (E_COSMO+dE+Mu)    :   -215739.86947 kcal/mol
 Total mean interaction energy in the mix          :        -2.17233 kcal/mol
 Misfit interaction energy in the mix              :         3.56149 kcal/mol
 H-Bond interaction energy in the mix              :         0.00000 kcal/mol
 VdW interaction energy in the mix                 :       -13.98567 kcal/mol
 Gas liquid transition energy in the mix (H_glt)   :         8.25184 kcal/mol
 Normalized weight factor of molecule in compound  :         0.86495
 Normalized weight factor of molecule in gas phase :         0.94602

 Compound: 3 Conformer: 4 (lacticacid_c3)
 Chemical potential of the molecule in the mixture :         8.29397 kcal/mol
 Log10(partial pressure [mbar])                    :         2.02995
 Free energy of molecule in mix (E_COSMO+dE+Mu)    :   -215737.89146 kcal/mol
 Total mean interaction energy in the mix          :        -1.61896 kcal/mol
 Misfit interaction energy in the mix              :         4.11637 kcal/mol
 H-Bond interaction energy in the mix              :         0.00000 kcal/mol
 VdW interaction energy in the mix                 :       -13.98717 kcal/mol
 Gas liquid transition energy in the mix (H_glt)   :         8.25184 kcal/mol
 Normalized weight factor of molecule in compound  :         0.03055
 Normalized weight factor of molecule in gas phase :         0.02247

 Compound: 3 Conformer: 5 (lacticacid_c4)
 Chemical potential of the molecule in the mixture :         9.97371 kcal/mol
 Log10(partial pressure [mbar])                    :         1.62137
 Free energy of molecule in mix (E_COSMO+dE+Mu)    :   -215736.12512 kcal/mol
 Total mean interaction energy in the mix          :        -0.33466 kcal/mol
 Misfit interaction energy in the mix              :         5.44801 kcal/mol
 H-Bond interaction energy in the mix              :         0.00000 kcal/mol
 VdW interaction energy in the mix                 :       -14.03451 kcal/mol
 Gas liquid transition energy in the mix (H_glt)   :         8.25184 kcal/mol
 Normalized weight factor of molecule in compound  :         0.00154
 Normalized weight factor of molecule in gas phase :         0.00044

 Compound: 3 Conformer: 6 (lacticacid_c5)
 Chemical potential of the molecule in the mixture :         8.29407 kcal/mol
 Log10(partial pressure [mbar])                    :         1.99884
 Free energy of molecule in mix (E_COSMO+dE+Mu)    :   -215737.74139 kcal/mol
 Total mean interaction energy in the mix          :        -1.64851 kcal/mol
 Misfit interaction energy in the mix              :         4.11438 kcal/mol
 H-Bond interaction energy in the mix              :         0.00000 kcal/mol
 VdW interaction energy in the mix                 :       -14.01473 kcal/mol
 Gas liquid transition energy in the mix (H_glt)   :         8.25184 kcal/mol
 Normalized weight factor of molecule in compound  :         0.02371
 Normalized weight factor of molecule in gas phase :         0.01621




 Results for mixture 3 - LIQ_EX Phase 1 Iteration    1
 ---------------------
 Temperature          :    297.736 K
 Compound Nr.         :         1         2         3
 Compound             :       h2o    hexane lacticaci
 Mole Fraction        :    0.9963    0.0000    0.0037

 Compound: 1  (h2o)
 Chemical potential of the compound in the mixture :         3.01933 kcal/mol
 Log10(partial pressure [mbar])                    :         1.12228
 Free energy of molecule in mix (E_COSMO+dE+Mu)    :    -47990.23395 kcal/mol
 Total mean interaction energy in the mix (H_int)  :        -5.79036 kcal/mol
 Misfit interaction energy in the mix (H_MF)       :         0.55810 kcal/mol
 H-Bond interaction energy in the mix (H_HB)       :        -4.91938 kcal/mol
 VdW interaction energy in the mix (H_vdW)         :        -4.36114 kcal/mol
 Gas liquid transition energy in the mix (H_glt)   :         2.93205 kcal/mol

 Compound: 2  (hexane)
 Chemical potential of the compound in the mixture :         7.00597 kcal/mol
 Log10(partial pressure [mbar])                    :         7.67609
 Free energy of molecule in mix (E_COSMO+dE+Mu)    :   -148831.50997 kcal/mol
 Total mean interaction energy in the mix (H_int)  :        -5.30754 kcal/mol
 Misfit interaction energy in the mix (H_MF)       :         2.00288 kcal/mol
 H-Bond interaction energy in the mix (H_HB)       :         0.00000 kcal/mol
 VdW interaction energy in the mix (H_vdW)         :       -17.83399 kcal/mol
 Gas liquid transition energy in the mix (H_glt)   :        10.52357 kcal/mol

 Compound: 3  (lacticacid)
 Chemical potential of the compound in the mixture :         3.79965 kcal/mol
 Log10(partial pressure [mbar])                    :        -1.45177
 Free energy of molecule in mix (E_COSMO+dE+Mu)    :   -215744.88050 kcal/mol
 Total mean interaction energy in the mix (H_int)  :        -8.36667 kcal/mol
 Misfit interaction energy in the mix (H_MF)       :         1.83036 kcal/mol
 H-Bond interaction energy in the mix (H_HB)       :        -7.34197 kcal/mol
 VdW interaction energy in the mix (H_vdW)         :       -13.36645 kcal/mol
 Gas liquid transition energy in the mix (H_glt)   :         8.25184 kcal/mol



 Compound: 1 Conformer: 1 (h2o_c0)
 Chemical potential of the molecule in the mixture :         3.01933 kcal/mol
 Log10(partial pressure [mbar])                    :         1.12228
 Free energy of molecule in mix (E_COSMO+dE+Mu)    :    -47990.23395 kcal/mol
 Total mean interaction energy in the mix          :        -5.79036 kcal/mol
 Misfit interaction energy in the mix              :         0.55810 kcal/mol
 H-Bond interaction energy in the mix              :        -4.91938 kcal/mol
 VdW interaction energy in the mix                 :        -4.36114 kcal/mol
 Gas liquid transition energy in the mix (H_glt)   :         2.93205 kcal/mol
 Normalized weight factor of molecule in compound  :         1.00000
 Normalized weight factor of molecule in gas phase :         1.00000

 Compound: 2 Conformer: 1 (hexane_c0)
 Chemical potential of the molecule in the mixture :         7.00597 kcal/mol
 Log10(partial pressure [mbar])                    :         7.67609
 Free energy of molecule in mix (E_COSMO+dE+Mu)    :   -148831.50997 kcal/mol
 Total mean interaction energy in the mix          :        -5.30754 kcal/mol
 Misfit interaction energy in the mix              :         2.00288 kcal/mol
 H-Bond interaction energy in the mix              :         0.00000 kcal/mol
 VdW interaction energy in the mix                 :       -17.83399 kcal/mol
 Gas liquid transition energy in the mix (H_glt)   :        10.52357 kcal/mol
 Normalized weight factor of molecule in compound  :         1.00000
 Normalized weight factor of molecule in gas phase :         1.00000

 Compound: 3 Conformer: 1 (lacticacid_c0)
 Chemical potential of the molecule in the mixture :         5.73761 kcal/mol
 Log10(partial pressure [mbar])                    :        -1.24494
 Free energy of molecule in mix (E_COSMO+dE+Mu)    :   -215742.94253 kcal/mol
 Total mean interaction energy in the mix          :        -7.73635 kcal/mol
 Misfit interaction energy in the mix              :         1.86665 kcal/mol
 H-Bond interaction energy in the mix              :        -4.53892 kcal/mol
 VdW interaction energy in the mix                 :       -13.31592 kcal/mol
 Gas liquid transition energy in the mix (H_glt)   :         8.25184 kcal/mol
 Normalized weight factor of molecule in compound  :         0.03780
 Normalized weight factor of molecule in gas phase :         0.00504

 Compound: 3 Conformer: 2 (lacticacid_c1)
 Chemical potential of the molecule in the mixture :         5.88519 kcal/mol
 Log10(partial pressure [mbar])                    :        -0.72601
 Free energy of molecule in mix (E_COSMO+dE+Mu)    :   -215742.61346 kcal/mol
 Total mean interaction energy in the mix          :        -7.27683 kcal/mol
 Misfit interaction energy in the mix              :         1.98581 kcal/mol
 H-Bond interaction energy in the mix              :        -4.22041 kcal/mol
 VdW interaction energy in the mix                 :       -13.29407 kcal/mol
 Gas liquid transition energy in the mix (H_glt)   :         8.25184 kcal/mol
 Normalized weight factor of molecule in compound  :         0.02167
 Normalized weight factor of molecule in gas phase :         0.00981

 Compound: 3 Conformer: 3 (lacticacid_c2)
 Chemical potential of the molecule in the mixture :         4.03412 kcal/mol
 Log10(partial pressure [mbar])                    : -6.57538595E-03
 Free energy of molecule in mix (E_COSMO+dE+Mu)    :   -215743.57234 kcal/mol
 Total mean interaction energy in the mix          :        -8.39515 kcal/mol
 Misfit interaction energy in the mix              :         1.90891 kcal/mol
 H-Bond interaction energy in the mix              :        -5.17589 kcal/mol
 VdW interaction energy in the mix                 :       -13.38001 kcal/mol
 Gas liquid transition energy in the mix (H_glt)   :         8.25184 kcal/mol
 Normalized weight factor of molecule in compound  :         0.10959
 Normalized weight factor of molecule in gas phase :         0.94602

 Compound: 3 Conformer: 4 (lacticacid_c3)
 Chemical potential of the molecule in the mixture :         2.24200 kcal/mol
 Log10(partial pressure [mbar])                    :        -2.41236
 Free energy of molecule in mix (E_COSMO+dE+Mu)    :   -215743.94344 kcal/mol
 Total mean interaction energy in the mix          :       -10.59299 kcal/mol
 Misfit interaction energy in the mix              :         1.83176 kcal/mol
 H-Bond interaction energy in the mix              :        -7.32327 kcal/mol
 VdW interaction energy in the mix                 :       -13.35332 kcal/mol
 Gas liquid transition energy in the mix (H_glt)   :         8.25184 kcal/mol
 Normalized weight factor of molecule in compound  :         0.20520
 Normalized weight factor of molecule in gas phase :         0.02247

 Compound: 3 Conformer: 5 (lacticacid_c4)
 Chemical potential of the molecule in the mixture :         1.68434 kcal/mol
 Log10(partial pressure [mbar])                    :        -4.46324
 Free energy of molecule in mix (E_COSMO+dE+Mu)    :   -215744.41449 kcal/mol
 Total mean interaction energy in the mix          :       -11.56096 kcal/mol
 Misfit interaction energy in the mix              :         1.80972 kcal/mol
 H-Bond interaction energy in the mix              :        -8.24899 kcal/mol
 VdW interaction energy in the mix                 :       -13.37352 kcal/mol
 Gas liquid transition energy in the mix (H_glt)   :         8.25184 kcal/mol
 Normalized weight factor of molecule in compound  :         0.45493
 Normalized weight factor of molecule in gas phase :         0.00044

 Compound: 3 Conformer: 6 (lacticacid_c5)
 Chemical potential of the molecule in the mixture :         2.20057 kcal/mol
 Log10(partial pressure [mbar])                    :        -2.47394
 Free energy of molecule in mix (E_COSMO+dE+Mu)    :   -215743.83489 kcal/mol
 Total mean interaction energy in the mix          :       -10.67258 kcal/mol
 Misfit interaction energy in the mix              :         1.80551 kcal/mol
 H-Bond interaction energy in the mix              :        -7.35490 kcal/mol
 VdW interaction energy in the mix                 :       -13.37503 kcal/mol
 Gas liquid transition energy in the mix (H_glt)   :         8.25184 kcal/mol
 Normalized weight factor of molecule in compound  :         0.17081
 Normalized weight factor of molecule in gas phase :         0.01621




 Results for mixture 4 - LIQ_EX Phase 2 Iteration    1
 ---------------------
 Temperature          :    297.736 K
 Compound Nr.         :         1         2         3
 Compound             :       h2o    hexane lacticaci
 Mole Fraction        :    0.0001    0.9999    0.0000

 Compound: 1  (h2o)
 Chemical potential of the compound in the mixture :         8.12200 kcal/mol
 Log10(partial pressure [mbar])                    :         4.86777
 Free energy of molecule in mix (E_COSMO+dE+Mu)    :    -47985.13127 kcal/mol
 Total mean interaction energy in the mix (H_int)  :         0.68633 kcal/mol
 Misfit interaction energy in the mix (H_MF)       :         2.38739 kcal/mol
 H-Bond interaction energy in the mix (H_HB)       :        -0.01832 kcal/mol
 VdW interaction energy in the mix (H_vdW)         :        -4.61479 kcal/mol
 Gas liquid transition energy in the mix (H_glt)   :         2.93205 kcal/mol
 Equilibrium constant Kx(1,2)                      :      5565.31287
 Equilibrium concentration x_k(1,2)                :         0.99982

 Compound: 2  (hexane)
 Chemical potential of the compound in the mixture :        -0.06931 kcal/mol
 Log10(partial pressure [mbar])                    :         2.48266
 Free energy of molecule in mix (E_COSMO+dE+Mu)    :   -148838.58524 kcal/mol
 Total mean interaction energy in the mix (H_int)  :        -7.02971 kcal/mol
 Misfit interaction energy in the mix (H_MF)       :         0.59701 kcal/mol
 H-Bond interaction energy in the mix (H_HB)       :         0.00000 kcal/mol
 VdW interaction energy in the mix (H_vdW)         :       -18.15029 kcal/mol
 Gas liquid transition energy in the mix (H_glt)   :        10.52357 kcal/mol
 Equilibrium constant Kx(1,2)                      :  6.40579224E-06
 Equilibrium concentration x_k(1,2)                :         0.00001

 Compound: 3  (lacticacid)
 Chemical potential of the compound in the mixture :         8.43229 kcal/mol
 Log10(partial pressure [mbar])                    :         1.94870
 Free energy of molecule in mix (E_COSMO+dE+Mu)    :   -215740.24786 kcal/mol
 Total mean interaction energy in the mix (H_int)  :        -1.40512 kcal/mol
 Misfit interaction energy in the mix (H_MF)       :         3.52330 kcal/mol
 H-Bond interaction energy in the mix (H_HB)       :        -0.18209 kcal/mol
 VdW interaction energy in the mix (H_vdW)         :       -13.97207 kcal/mol
 Gas liquid transition energy in the mix (H_glt)   :         8.25184 kcal/mol
 Equilibrium constant Kx(1,2)                      :      2514.62105
 Equilibrium concentration x_k(1,2)                :         0.99960



 Compound: 1 Conformer: 1 (h2o_c0)
 Chemical potential of the molecule in the mixture :         8.12200 kcal/mol
 Log10(partial pressure [mbar])                    :         4.86777
 Free energy of molecule in mix (E_COSMO+dE+Mu)    :    -47985.13127 kcal/mol
 Total mean interaction energy in the mix          :         0.68633 kcal/mol
 Misfit interaction energy in the mix              :         2.38739 kcal/mol
 H-Bond interaction energy in the mix              :        -0.01832 kcal/mol
 VdW interaction energy in the mix                 :        -4.61479 kcal/mol
 Gas liquid transition energy in the mix (H_glt)   :         2.93205 kcal/mol
 Normalized weight factor of molecule in compound  :         1.00000
 Normalized weight factor of molecule in gas phase :         1.00000

 Compound: 2 Conformer: 1 (hexane_c0)
 Chemical potential of the molecule in the mixture :        -0.06931 kcal/mol
 Log10(partial pressure [mbar])                    :         2.48266
 Free energy of molecule in mix (E_COSMO+dE+Mu)    :   -148838.58524 kcal/mol
 Total mean interaction energy in the mix          :        -7.02971 kcal/mol
 Misfit interaction energy in the mix              :         0.59701 kcal/mol
 H-Bond interaction energy in the mix              :         0.00000 kcal/mol
 VdW interaction energy in the mix                 :       -18.15029 kcal/mol
 Gas liquid transition energy in the mix (H_glt)   :        10.52357 kcal/mol
 Normalized weight factor of molecule in compound  :         1.00000
 Normalized weight factor of molecule in gas phase :         1.00000

 Compound: 3 Conformer: 1 (lacticacid_c0)
 Chemical potential of the molecule in the mixture :         9.98977 kcal/mol
 Log10(partial pressure [mbar])                    :         1.87626
 Free energy of molecule in mix (E_COSMO+dE+Mu)    :   -215738.69037 kcal/mol
 Total mean interaction energy in the mix          :        -1.15272 kcal/mol
 Misfit interaction energy in the mix              :         4.59570 kcal/mol
 H-Bond interaction energy in the mix              :        -0.05175 kcal/mol
 VdW interaction energy in the mix                 :       -13.94851 kcal/mol
 Gas liquid transition energy in the mix (H_glt)   :         8.25184 kcal/mol
 Normalized weight factor of molecule in compound  :         0.07191
 Normalized weight factor of molecule in gas phase :         0.00504

 Compound: 3 Conformer: 2 (lacticacid_c1)
 Chemical potential of the molecule in the mixture :         9.71274 kcal/mol
 Log10(partial pressure [mbar])                    :         2.08350
 Free energy of molecule in mix (E_COSMO+dE+Mu)    :   -215738.78591 kcal/mol
 Total mean interaction energy in the mix          :        -1.23290 kcal/mol
 Misfit interaction energy in the mix              :         4.48181 kcal/mol
 H-Bond interaction energy in the mix              :        -0.04568 kcal/mol
 VdW interaction energy in the mix                 :       -13.92087 kcal/mol
 Gas liquid transition energy in the mix (H_glt)   :         8.25184 kcal/mol
 Normalized weight factor of molecule in compound  :         0.08451
 Normalized weight factor of molecule in gas phase :         0.00981

 Compound: 3 Conformer: 3 (lacticacid_c2)
 Chemical potential of the molecule in the mixture :         7.48465 kcal/mol
 Log10(partial pressure [mbar])                    :         2.52620
 Free energy of molecule in mix (E_COSMO+dE+Mu)    :   -215740.12181 kcal/mol
 Total mean interaction energy in the mix          :        -2.63650 kcal/mol
 Misfit interaction energy in the mix              :         3.29998 kcal/mol
 H-Bond interaction energy in the mix              :        -0.20988 kcal/mol
 VdW interaction energy in the mix                 :       -13.97844 kcal/mol
 Gas liquid transition energy in the mix (H_glt)   :         8.25184 kcal/mol
 Normalized weight factor of molecule in compound  :         0.80813
 Normalized weight factor of molecule in gas phase :         0.94602

 Compound: 3 Conformer: 4 (lacticacid_c3)
 Chemical potential of the molecule in the mixture :         8.31724 kcal/mol
 Log10(partial pressure [mbar])                    :         2.04702
 Free energy of molecule in mix (E_COSMO+dE+Mu)    :   -215737.86819 kcal/mol
 Total mean interaction energy in the mix          :        -1.75437 kcal/mol
 Misfit interaction energy in the mix              :         4.11302 kcal/mol
 H-Bond interaction energy in the mix              :        -0.13776 kcal/mol
 VdW interaction energy in the mix                 :       -13.98148 kcal/mol
 Gas liquid transition energy in the mix (H_glt)   :         8.25184 kcal/mol
 Normalized weight factor of molecule in compound  :         0.01792
 Normalized weight factor of molecule in gas phase :         0.02247

 Compound: 3 Conformer: 5 (lacticacid_c4)
 Chemical potential of the molecule in the mixture :         9.27829 kcal/mol
 Log10(partial pressure [mbar])                    :         1.11091
 Free energy of molecule in mix (E_COSMO+dE+Mu)    :   -215736.82054 kcal/mol
 Total mean interaction energy in the mix          :        -1.18489 kcal/mol
 Misfit interaction energy in the mix              :         4.72942 kcal/mol
 H-Bond interaction energy in the mix              :        -0.13788 kcal/mol
 VdW interaction energy in the mix                 :       -14.02828 kcal/mol
 Gas liquid transition energy in the mix (H_glt)   :         8.25184 kcal/mol
 Normalized weight factor of molecule in compound  :         0.00305
 Normalized weight factor of molecule in gas phase :         0.00044

 Compound: 3 Conformer: 6 (lacticacid_c5)
 Chemical potential of the molecule in the mixture :         8.29294 kcal/mol
 Log10(partial pressure [mbar])                    :         1.99800
 Free energy of molecule in mix (E_COSMO+dE+Mu)    :   -215737.74253 kcal/mol
 Total mean interaction energy in the mix          :        -1.81253 kcal/mol
 Misfit interaction energy in the mix              :         4.08348 kcal/mol
 H-Bond interaction energy in the mix              :        -0.13898 kcal/mol
 VdW interaction energy in the mix                 :       -14.00887 kcal/mol
 Gas liquid transition energy in the mix (H_glt)   :         8.25184 kcal/mol
 Normalized weight factor of molecule in compound  :         0.01449
 Normalized weight factor of molecule in gas phase :         0.01621




 Results for mixture 5 - LIQ_EX Phase 1 Iteration    2
 ---------------------
 Temperature          :    297.736 K
 Compound Nr.         :         1         2         3
 Compound             :       h2o    hexane lacticaci
 Mole Fraction        :    0.9963    0.0000    0.0037

 Compound: 1  (h2o)
 Chemical potential of the compound in the mixture :         3.01933 kcal/mol
 Log10(partial pressure [mbar])                    :         1.12228
 Free energy of molecule in mix (E_COSMO+dE+Mu)    :    -47990.23395 kcal/mol
 Total mean interaction energy in the mix (H_int)  :        -5.79036 kcal/mol
 Misfit interaction energy in the mix (H_MF)       :         0.55810 kcal/mol
 H-Bond interaction energy in the mix (H_HB)       :        -4.91938 kcal/mol
 VdW interaction energy in the mix (H_vdW)         :        -4.36114 kcal/mol
 Gas liquid transition energy in the mix (H_glt)   :         2.93205 kcal/mol

 Compound: 2  (hexane)
 Chemical potential of the compound in the mixture :         7.00597 kcal/mol
 Log10(partial pressure [mbar])                    :         7.67609
 Free energy of molecule in mix (E_COSMO+dE+Mu)    :   -148831.50996 kcal/mol
 Total mean interaction energy in the mix (H_int)  :        -5.30754 kcal/mol
 Misfit interaction energy in the mix (H_MF)       :         2.00288 kcal/mol
 H-Bond interaction energy in the mix (H_HB)       :         0.00000 kcal/mol
 VdW interaction energy in the mix (H_vdW)         :       -17.83398 kcal/mol
 Gas liquid transition energy in the mix (H_glt)   :        10.52357 kcal/mol

 Compound: 3  (lacticacid)
 Chemical potential of the compound in the mixture :         3.79965 kcal/mol
 Log10(partial pressure [mbar])                    :        -1.45177
 Free energy of molecule in mix (E_COSMO+dE+Mu)    :   -215744.88049 kcal/mol
 Total mean interaction energy in the mix (H_int)  :        -8.36667 kcal/mol
 Misfit interaction energy in the mix (H_MF)       :         1.83036 kcal/mol
 H-Bond interaction energy in the mix (H_HB)       :        -7.34197 kcal/mol
 VdW interaction energy in the mix (H_vdW)         :       -13.36645 kcal/mol
 Gas liquid transition energy in the mix (H_glt)   :         8.25184 kcal/mol



 Compound: 1 Conformer: 1 (h2o_c0)
 Chemical potential of the molecule in the mixture :         3.01933 kcal/mol
 Log10(partial pressure [mbar])                    :         1.12228
 Free energy of molecule in mix (E_COSMO+dE+Mu)    :    -47990.23395 kcal/mol
 Total mean interaction energy in the mix          :        -5.79036 kcal/mol
 Misfit interaction energy in the mix              :         0.55810 kcal/mol
 H-Bond interaction energy in the mix              :        -4.91938 kcal/mol
 VdW interaction energy in the mix                 :        -4.36114 kcal/mol
 Gas liquid transition energy in the mix (H_glt)   :         2.93205 kcal/mol
 Normalized weight factor of molecule in compound  :         1.00000
 Normalized weight factor of molecule in gas phase :         1.00000

 Compound: 2 Conformer: 1 (hexane_c0)
 Chemical potential of the molecule in the mixture :         7.00597 kcal/mol
 Log10(partial pressure [mbar])                    :         7.67609
 Free energy of molecule in mix (E_COSMO+dE+Mu)    :   -148831.50996 kcal/mol
 Total mean interaction energy in the mix          :        -5.30754 kcal/mol
 Misfit interaction energy in the mix              :         2.00288 kcal/mol
 H-Bond interaction energy in the mix              :         0.00000 kcal/mol
 VdW interaction energy in the mix                 :       -17.83398 kcal/mol
 Gas liquid transition energy in the mix (H_glt)   :        10.52357 kcal/mol
 Normalized weight factor of molecule in compound  :         1.00000
 Normalized weight factor of molecule in gas phase :         1.00000

 Compound: 3 Conformer: 1 (lacticacid_c0)
 Chemical potential of the molecule in the mixture :         5.73761 kcal/mol
 Log10(partial pressure [mbar])                    :        -1.24494
 Free energy of molecule in mix (E_COSMO+dE+Mu)    :   -215742.94253 kcal/mol
 Total mean interaction energy in the mix          :        -7.73635 kcal/mol
 Misfit interaction energy in the mix              :         1.86665 kcal/mol
 H-Bond interaction energy in the mix              :        -4.53892 kcal/mol
 VdW interaction energy in the mix                 :       -13.31592 kcal/mol
 Gas liquid transition energy in the mix (H_glt)   :         8.25184 kcal/mol
 Normalized weight factor of molecule in compound  :         0.03780
 Normalized weight factor of molecule in gas phase :         0.00504

 Compound: 3 Conformer: 2 (lacticacid_c1)
 Chemical potential of the molecule in the mixture :         5.88519 kcal/mol
 Log10(partial pressure [mbar])                    :        -0.72601
 Free energy of molecule in mix (E_COSMO+dE+Mu)    :   -215742.61346 kcal/mol
 Total mean interaction energy in the mix          :        -7.27683 kcal/mol
 Misfit interaction energy in the mix              :         1.98581 kcal/mol
 H-Bond interaction energy in the mix              :        -4.22041 kcal/mol
 VdW interaction energy in the mix                 :       -13.29407 kcal/mol
 Gas liquid transition energy in the mix (H_glt)   :         8.25184 kcal/mol
 Normalized weight factor of molecule in compound  :         0.02167
 Normalized weight factor of molecule in gas phase :         0.00981

 Compound: 3 Conformer: 3 (lacticacid_c2)
 Chemical potential of the molecule in the mixture :         4.03413 kcal/mol
 Log10(partial pressure [mbar])                    : -6.57440797E-03
 Free energy of molecule in mix (E_COSMO+dE+Mu)    :   -215743.57234 kcal/mol
 Total mean interaction energy in the mix          :        -8.39515 kcal/mol
 Misfit interaction energy in the mix              :         1.90890 kcal/mol
 H-Bond interaction energy in the mix              :        -5.17589 kcal/mol
 VdW interaction energy in the mix                 :       -13.38001 kcal/mol
 Gas liquid transition energy in the mix (H_glt)   :         8.25184 kcal/mol
 Normalized weight factor of molecule in compound  :         0.10959
 Normalized weight factor of molecule in gas phase :         0.94602

 Compound: 3 Conformer: 4 (lacticacid_c3)
 Chemical potential of the molecule in the mixture :         2.24200 kcal/mol
 Log10(partial pressure [mbar])                    :        -2.41235
 Free energy of molecule in mix (E_COSMO+dE+Mu)    :   -215743.94343 kcal/mol
 Total mean interaction energy in the mix          :       -10.59299 kcal/mol
 Misfit interaction energy in the mix              :         1.83176 kcal/mol
 H-Bond interaction energy in the mix              :        -7.32327 kcal/mol
 VdW interaction energy in the mix                 :       -13.35332 kcal/mol
 Gas liquid transition energy in the mix (H_glt)   :         8.25184 kcal/mol
 Normalized weight factor of molecule in compound  :         0.20520
 Normalized weight factor of molecule in gas phase :         0.02247

 Compound: 3 Conformer: 5 (lacticacid_c4)
 Chemical potential of the molecule in the mixture :         1.68434 kcal/mol
 Log10(partial pressure [mbar])                    :        -4.46324
 Free energy of molecule in mix (E_COSMO+dE+Mu)    :   -215744.41449 kcal/mol
 Total mean interaction energy in the mix          :       -11.56096 kcal/mol
 Misfit interaction energy in the mix              :         1.80972 kcal/mol
 H-Bond interaction energy in the mix              :        -8.24899 kcal/mol
 VdW interaction energy in the mix                 :       -13.37352 kcal/mol
 Gas liquid transition energy in the mix (H_glt)   :         8.25184 kcal/mol
 Normalized weight factor of molecule in compound  :         0.45493
 Normalized weight factor of molecule in gas phase :         0.00044

 Compound: 3 Conformer: 6 (lacticacid_c5)
 Chemical potential of the molecule in the mixture :         2.20057 kcal/mol
 Log10(partial pressure [mbar])                    :        -2.47394
 Free energy of molecule in mix (E_COSMO+dE+Mu)    :   -215743.83489 kcal/mol
 Total mean interaction energy in the mix          :       -10.67258 kcal/mol
 Misfit interaction energy in the mix              :         1.80551 kcal/mol
 H-Bond interaction energy in the mix              :        -7.35490 kcal/mol
 VdW interaction energy in the mix                 :       -13.37503 kcal/mol
 Gas liquid transition energy in the mix (H_glt)   :         8.25184 kcal/mol
 Normalized weight factor of molecule in compound  :         0.17081
 Normalized weight factor of molecule in gas phase :         0.01621




 Results for mixture 6 - LIQ_EX Phase 2 Iteration    2
 ---------------------
 Temperature          :    297.736 K
 Compound Nr.         :         1         2         3
 Compound             :       h2o    hexane lacticaci
 Mole Fraction        :    0.0002    0.9998    0.0000

 Compound: 1  (h2o)
 Chemical potential of the compound in the mixture :         8.10713 kcal/mol
 Log10(partial pressure [mbar])                    :         4.85685
 Free energy of molecule in mix (E_COSMO+dE+Mu)    :    -47985.14614 kcal/mol
 Total mean interaction energy in the mix (H_int)  :         0.66755 kcal/mol
 Misfit interaction energy in the mix (H_MF)       :         2.37769 kcal/mol
 H-Bond interaction energy in the mix (H_HB)       :        -0.02775 kcal/mol
 VdW interaction energy in the mix (H_vdW)         :        -4.61445 kcal/mol
 Gas liquid transition energy in the mix (H_glt)   :         2.93205 kcal/mol
 Equilibrium constant Kx(1,2)                      :      5427.18228
 Equilibrium concentration x_k(1,2)                :         0.99982

 Compound: 2  (hexane)
 Chemical potential of the compound in the mixture :        -0.06931 kcal/mol
 Log10(partial pressure [mbar])                    :         2.48266
 Free energy of molecule in mix (E_COSMO+dE+Mu)    :   -148838.58524 kcal/mol
 Total mean interaction energy in the mix (H_int)  :        -7.02957 kcal/mol
 Misfit interaction energy in the mix (H_MF)       :         0.59714 kcal/mol
 H-Bond interaction energy in the mix (H_HB)       :         0.00000 kcal/mol
 VdW interaction energy in the mix (H_vdW)         :       -18.15027 kcal/mol
 Gas liquid transition energy in the mix (H_glt)   :        10.52357 kcal/mol
 Equilibrium constant Kx(1,2)                      :  6.40576063E-06
 Equilibrium concentration x_k(1,2)                :         0.00001

 Compound: 3  (lacticacid)
 Chemical potential of the compound in the mixture :         8.39600 kcal/mol
 Log10(partial pressure [mbar])                    :         1.92207
 Free energy of molecule in mix (E_COSMO+dE+Mu)    :   -215740.28414 kcal/mol
 Total mean interaction energy in the mix (H_int)  :        -1.51992 kcal/mol
 Misfit interaction energy in the mix (H_MF)       :         3.48807 kcal/mol
 H-Bond interaction energy in the mix (H_HB)       :        -0.26337 kcal/mol
 VdW interaction energy in the mix (H_vdW)         :       -13.96978 kcal/mol
 Gas liquid transition energy in the mix (H_glt)   :         8.25184 kcal/mol
 Equilibrium constant Kx(1,2)                      :      2365.04105
 Equilibrium concentration x_k(1,2)                :         0.99958



 Compound: 1 Conformer: 1 (h2o_c0)
 Chemical potential of the molecule in the mixture :         8.10713 kcal/mol
 Log10(partial pressure [mbar])                    :         4.85685
 Free energy of molecule in mix (E_COSMO+dE+Mu)    :    -47985.14614 kcal/mol
 Total mean interaction energy in the mix          :         0.66755 kcal/mol
 Misfit interaction energy in the mix              :         2.37769 kcal/mol
 H-Bond interaction energy in the mix              :        -0.02775 kcal/mol
 VdW interaction energy in the mix                 :        -4.61445 kcal/mol
 Gas liquid transition energy in the mix (H_glt)   :         2.93205 kcal/mol
 Normalized weight factor of molecule in compound  :         1.00000
 Normalized weight factor of molecule in gas phase :         1.00000

 Compound: 2 Conformer: 1 (hexane_c0)
 Chemical potential of the molecule in the mixture :        -0.06931 kcal/mol
 Log10(partial pressure [mbar])                    :         2.48266
 Free energy of molecule in mix (E_COSMO+dE+Mu)    :   -148838.58524 kcal/mol
 Total mean interaction energy in the mix          :        -7.02957 kcal/mol
 Misfit interaction energy in the mix              :         0.59714 kcal/mol
 H-Bond interaction energy in the mix              :         0.00000 kcal/mol
 VdW interaction energy in the mix                 :       -18.15027 kcal/mol
 Gas liquid transition energy in the mix (H_glt)   :        10.52357 kcal/mol
 Normalized weight factor of molecule in compound  :         1.00000
 Normalized weight factor of molecule in gas phase :         1.00000

 Compound: 3 Conformer: 1 (lacticacid_c0)
 Chemical potential of the molecule in the mixture :         9.94949 kcal/mol
 Log10(partial pressure [mbar])                    :         1.84669
 Free energy of molecule in mix (E_COSMO+dE+Mu)    :   -215738.73065 kcal/mol
 Total mean interaction energy in the mix          :        -1.21955 kcal/mol
 Misfit interaction energy in the mix              :         4.55364 kcal/mol
 H-Bond interaction energy in the mix              :        -0.07741 kcal/mol
 VdW interaction energy in the mix                 :       -13.94763 kcal/mol
 Gas liquid transition energy in the mix (H_glt)   :         8.25184 kcal/mol
 Normalized weight factor of molecule in compound  :         0.07239
 Normalized weight factor of molecule in gas phase :         0.00504

 Compound: 3 Conformer: 2 (lacticacid_c1)
 Chemical potential of the molecule in the mixture :         9.67451 kcal/mol
 Log10(partial pressure [mbar])                    :         2.05545
 Free energy of molecule in mix (E_COSMO+dE+Mu)    :   -215738.82413 kcal/mol
 Total mean interaction energy in the mix          :        -1.29356 kcal/mol
 Misfit interaction energy in the mix              :         4.44303 kcal/mol
 H-Bond interaction energy in the mix              :        -0.06837 kcal/mol
 VdW interaction energy in the mix                 :       -13.92006 kcal/mol
 Gas liquid transition energy in the mix (H_glt)   :         8.25184 kcal/mol
 Normalized weight factor of molecule in compound  :         0.08479
 Normalized weight factor of molecule in gas phase :         0.00981

 Compound: 3 Conformer: 3 (lacticacid_c2)
 Chemical potential of the molecule in the mixture :         7.44902 kcal/mol
 Log10(partial pressure [mbar])                    :         2.50005
 Free energy of molecule in mix (E_COSMO+dE+Mu)    :   -215740.15744 kcal/mol
 Total mean interaction energy in the mix          :        -2.76271 kcal/mol
 Misfit interaction energy in the mix              :         3.26449 kcal/mol
 H-Bond interaction energy in the mix              :        -0.30315 kcal/mol
 VdW interaction energy in the mix                 :       -13.97589 kcal/mol
 Gas liquid transition energy in the mix (H_glt)   :         8.25184 kcal/mol
 Normalized weight factor of molecule in compound  :         0.80723
 Normalized weight factor of molecule in gas phase :         0.94602

 Compound: 3 Conformer: 4 (lacticacid_c3)
 Chemical potential of the molecule in the mixture :         8.27933 kcal/mol
 Log10(partial pressure [mbar])                    :         2.01920
 Free energy of molecule in mix (E_COSMO+dE+Mu)    :   -215737.90610 kcal/mol
 Total mean interaction energy in the mix          :        -1.85660 kcal/mol
 Misfit interaction energy in the mix              :         4.07416 kcal/mol
 H-Bond interaction energy in the mix              :        -0.20309 kcal/mol
 VdW interaction energy in the mix                 :       -13.97951 kcal/mol
 Gas liquid transition energy in the mix (H_glt)   :         8.25184 kcal/mol
 Normalized weight factor of molecule in compound  :         0.01797
 Normalized weight factor of molecule in gas phase :         0.02247

 Compound: 3 Conformer: 5 (lacticacid_c4)
 Chemical potential of the molecule in the mixture :         9.22654 kcal/mol
 Log10(partial pressure [mbar])                    :         1.07293
 Free energy of molecule in mix (E_COSMO+dE+Mu)    :   -215736.87228 kcal/mol
 Total mean interaction energy in the mix          :        -1.29699 kcal/mol
 Misfit interaction energy in the mix              :         4.68153 kcal/mol
 H-Bond interaction energy in the mix              :        -0.20409 kcal/mol
 VdW interaction energy in the mix                 :       -14.02628 kcal/mol
 Gas liquid transition energy in the mix (H_glt)   :         8.25184 kcal/mol
 Normalized weight factor of molecule in compound  :         0.00313
 Normalized weight factor of molecule in gas phase :         0.00044

 Compound: 3 Conformer: 6 (lacticacid_c5)
 Chemical potential of the molecule in the mixture :         8.25653 kcal/mol
 Log10(partial pressure [mbar])                    :         1.97128
 Free energy of molecule in mix (E_COSMO+dE+Mu)    :   -215737.77893 kcal/mol
 Total mean interaction energy in the mix          :        -1.91219 kcal/mol
 Misfit interaction energy in the mix              :         4.04751 kcal/mol
 H-Bond interaction energy in the mix              :        -0.20464 kcal/mol
 VdW interaction energy in the mix                 :       -14.00690 kcal/mol
 Gas liquid transition energy in the mix (H_glt)   :         8.25184 kcal/mol
 Normalized weight factor of molecule in compound  :         0.01449
 Normalized weight factor of molecule in gas phase :         0.01621


 Iterative computation of Multi-Component-2-Phase-Equilibrium (LIQ_EX) converged !


----------------
 END job       1
----------------
